 vidd3d

 Timestamp is 627c3f9c (Thu May 12 00:58:36 2022)

 Preferred load address is 23000000

 Start         Length     Name                   Class
 0001:00000000 0002bbfaH .text                   CODE
 0001:0002bbfc 000000a0H .text$x                 CODE
 0002:00000000 000001d8H .idata$5                DATA
 0002:000001d8 0000902cH .rdata                  DATA
 0002:00009204 000000e4H .xdata$x                DATA
 0002:000092e8 0000008cH .idata$2                DATA
 0002:00009374 00000014H .idata$3                DATA
 0002:00009388 000001d8H .idata$4                DATA
 0002:00009560 00000954H .idata$6                DATA
 0002:00009ec0 00000082H .edata                  DATA
 0003:00000000 00000004H .CRT$XCA                DATA
 0003:00000004 00000004H .CRT$XCU                DATA
 0003:00000008 00000004H .CRT$XCZ                DATA
 0003:0000000c 00000004H .CRT$XIA                DATA
 0003:00000010 00000004H .CRT$XIZ                DATA
 0003:00000020 000029d0H .data                   DATA
 0003:000029f0 00000060H .bss                    DATA

  Address         Publics by Value              Rva+Base     Lib:Object

 0001:00000000       ??2@YAPAXI@Z               23001000 f i font.obj
 0001:00000010       ??3@YAXPAX@Z               23001010 f i font.obj
 0001:00000020       ??0XFont@@QAE@PAVXImage@@@Z 23001020 f   font.obj
 0001:00000079       ?init_font@VidD3D@@IAEXXZ  23001079 f   font.obj
 0001:000000e1       ?SetFontTexture@VidD3D@@UAEXXZ 230010e1 f   font.obj
 0001:00000106       ?get_fontdim@VidD3D@@UAEXPAM0@Z 23001106 f   font.obj
 0001:00000129       ?get_fontletter@VidD3D@@UAEXDPAM0@Z 23001129 f   font.obj
 0001:00000150       ?load_font@FontFile@@QAEPAVXFont@@XZ 23001150 f   font.obj
 0001:000004b0       ??0XFontLetter@@QAE@XZ     230014b0 f i font.obj
 0001:000004e0       ??_GXFont@@UAEPAXI@Z       230014e0 f i font.obj
 0001:000004e0       ??_EXFont@@UAEPAXI@Z       230014e0 f i font.obj
 0001:00000510       ??_H@YGXPAXIHP6EX0@Z@Z     23001510 f i font.obj
 0001:00000540       ??1XFont@@UAE@XZ           23001540 f i font.obj
 0001:00000560       ??0FontFile@@QAE@XZ        23001560 f i font.obj
 0001:000005a0       ??1FontFile@@QAE@XZ        230015a0 f i font.obj
 0001:000005c0       ?get_pitch@XFont@@QAEXPAM0@Z 230015c0 f i font.obj
 0001:000005f0       ?get_letter@XFont@@QAEXDPAM0@Z 230015f0 f i font.obj
 0001:00000620       ?get@XFontLetter@@QAEXPAM0@Z 23001620 f i font.obj
 0001:00000650       ?set_letter@XFont@@QAEXDKK@Z 23001650 f i font.obj
 0001:000006c0       ?set@XFontLetter@@QAEXMM@Z 230016c0 f i font.obj
 0001:000006e0       ?set_drawable@XFontLetter@@QAEXK@Z 230016e0 f i font.obj
 0001:00000700       ?is_drawable@XFont@@QAEKD@Z 23001700 f i font.obj
 0001:00000720       ??0?$autoptr@VXFont@@@@QAE@XZ 23001720 f i font.obj
 0001:00000740       ??1?$autoptr@VXFont@@@@QAE@XZ 23001740 f i font.obj
 0001:00000790       ??4?$autoptr@VXFont@@@@QAEAAV0@PAVXFont@@@Z 23001790 f i font.obj
 0001:000007b0       ??C?$autoptr@VXFont@@@@QAEPAVXFont@@XZ 230017b0 f i font.obj
 0001:000007c0       ?release@?$autoptr@VXFont@@@@QAEPAVXFont@@XZ 230017c0 f i font.obj
 0001:000007f0       ?add_head@?$XList@VVidTexD3D@@@@QAEPAU_XPos@@PAVVidTexD3D@@@Z 230017f0 f i font.obj
 0001:00000880       ?new_node@?$XList@VVidTexD3D@@@@IAEPAUXNode@1@XZ 23001880 f i font.obj
 0001:000008a0       ?calc_vsize@@YAKK@Z        230018a0 f   vbuffer.obj
 0001:000009a8       ??0VBuffer@@QAE@PAUIDirect3DDevice8@@KK@Z 230019a8 f   vbuffer.obj
 0001:00000b0f       ??1VBuffer@@QAE@XZ         23001b0f f   vbuffer.obj
 0001:00000b4c       ?finished@VBuffer@@QAEXXZ  23001b4c f   vbuffer.obj
 0001:00000b66       ?begin_frame@VBuffer@@QAEXXZ 23001b66 f   vbuffer.obj
 0001:00000bb5       ?select@VBuffer@@QAEXXZ    23001bb5 f   vbuffer.obj
 0001:00000c28       ??0VManager@@QAE@PAVVidD3D@@PAUIDirect3DDevice8@@KKK@Z 23001c28 f   vbuffer.obj
 0001:00000dce       ?begin_frame@PrimBuffer@@QAEXXZ 23001dce f   vbuffer.obj
 0001:00000e03       ?BeginNewFrame@VManager@@QAEXXZ 23001e03 f   vbuffer.obj
 0001:00000e71       ?alloc_vbuffer@VManager@@IAEPAVVBuffer@@PAV2@K@Z 23001e71 f   vbuffer.obj
 0001:00000ed9       ?MakeRoom@VManager@@IAEXK@Z 23001ed9 f   vbuffer.obj
 0001:00000fad       ?flush@VManager@@QAEXXZ    23001fad f   vbuffer.obj
 0001:00000fb8       ?EndScene@VManager@@QAEXXZ 23001fb8 f   vbuffer.obj
 0001:00000fd0       ?_d_assert@@YAXPBDK@Z      23001fd0 f i vbuffer.obj
 0001:00000ff0       ??0VBState@@QAE@XZ         23001ff0 f i vbuffer.obj
 0001:00001030       ??0PrimD3D@@QAE@XZ         23002030 f i vbuffer.obj
 0001:00001050       ??0PrimBuffer@@QAE@KK@Z    23002050 f i vbuffer.obj
 0001:00001090       ?reset@PrimBuffer@@QAEXXZ  23002090 f i vbuffer.obj
 0001:000010e0       ?get_room@VBuffer@@QAEJXZ  230020e0 f i vbuffer.obj
 0001:00001110       ??0VBManState@@QAE@XZ      23002110 f i vbuffer.obj
 0001:00001130       ?is_finished@VBuffer@@QAEKXZ 23002130 f i vbuffer.obj
 0001:00001150       ??0?$XRingChain@VVBuffer@@@@QAE@XZ 23002150 f i vbuffer.obj
 0001:00001180       ?insert_after@?$XRingChain@VVBuffer@@@@QAEPAVVBuffer@@PAV2@0@Z 23002180 f i vbuffer.obj
 0001:0000122f       ??0VidDll@@QAE@XZ          2300222f f   main.obj
 0001:00001298       ??1VidDll@@QAE@XZ          23002298 f   main.obj
 0001:000012b4       ?close@VidDll@@AAEKXZ      230022b4 f   main.obj
 0001:00001306       ?vid_release@VidDll@@QAEKXZ 23002306 f   main.obj
 0001:00001358       _DllMain@12                23002358 f   main.obj
 0001:000013d1       ?VidVersion@@YAKXZ         230023d1 f   main.obj
 0001:000013e0       ?VidQuery@@YAPAVVidIf@@XZ  230023e0 f   main.obj
 0001:000013ef       ?VidRelease@@YAKXZ         230023ef f   main.obj
 0001:00001400       ?get_version@VidDll@@QAEKXZ 23002400 f i main.obj
 0001:00001420       ?get_if@VidDll@@QAEPAVVidD3D@@XZ 23002420 f i main.obj
 0001:00001440       ??0VidD3D@@QAE@XZ          23002440 f   dev.obj
 0001:000014ed       ??1VidD3D@@UAE@XZ          230024ed f   dev.obj
 0001:0000151f       ?create_device@VidD3D@@IAEKPAVXWnd@@KKK@Z 2300251f f   dev.obj
 0001:000016f8       ?init@VidD3D@@UAEKPAVXWnd@@KKK@Z 230026f8 f   dev.obj
 0001:0000178c       ?close@VidD3D@@UAEKXZ      2300278c f   dev.obj
 0001:000018d2       ?Activate@VidD3D@@UAEXXZ   230028d2 f   dev.obj
 0001:0000192a       ?Deactivate@VidD3D@@UAEXXZ 2300292a f   dev.obj
 0001:00001a66       ?create_vbuffers@VidD3D@@IAEXXZ 23002a66 f   dev.obj
 0001:00001ae1       ?depth_init@VidD3D@@IAEXXZ 23002ae1 f   dev.obj
 0001:00001b5d       ?init_tex_stages@VidD3D@@IAEXXZ 23002b5d f   dev.obj
 0001:00001efe       ?set_default@VidD3D@@UAEXXZ 23002efe f   dev.obj
 0001:000022e8       ?restore_state@VidD3D@@IAEXXZ 230032e8 f   dev.obj
 0001:000024ec       ?flush_vbuffers@VidD3D@@IAEXXZ 230034ec f   dev.obj
 0001:000024f7       ?Diags@VidD3D@@UAEXXZ      230034f7 f   dev.obj
 0001:00002750       ?GetColor@VidIf@@UAEKXZ    23003750 f i dev.obj
 0001:000027b0       ?FlatColor@VidIf@@UAEXK@Z  230037b0 f i dev.obj
 0001:00002850       ??0TexList@@QAE@XZ         23003850 f i dev.obj
 0001:00002870       ??0D3DState@@QAE@XZ        23003870 f i dev.obj
 0001:00002910       ??_GVidD3D@@UAEPAXI@Z      23003910 f i dev.obj
 0001:00002910       ??_EVidD3D@@UAEPAXI@Z      23003910 f i dev.obj
 0001:00002940       ??0VidIf@@QAE@XZ           23003940 f i dev.obj
 0001:00002970       ??0VidState@@QAE@XZ        23003970 f i dev.obj
 0001:00002b50       ?BeginScene@VidIf@@UAEXXZ  23003b50 f i dev.obj
 0001:00002b60       ?EndScene@VidIf@@UAEXXZ    23003b60 f i dev.obj
 0001:00002b70       ?Diags@VidIf@@UAEXXZ       23003b70 f i dev.obj
 0001:00002b80       ?BeginLines@VidIf@@UAEXK@Z 23003b80 f i dev.obj
 0001:00002b90       ?EndLines@VidIf@@UAEXXZ    23003b90 f i dev.obj
 0001:00002ba0       ??_GVidIf@@UAEPAXI@Z       23003ba0 f i dev.obj
 0001:00002ba0       ??_EVidIf@@UAEPAXI@Z       23003ba0 f i dev.obj
 0001:00002bd0       ??1VidIf@@UAE@XZ           23003bd0 f i dev.obj
 0001:00002bf0       ??1TexList@@QAE@XZ         23003bf0 f i dev.obj
 0001:00002c10       ?get_hwnd@XWnd@@QAEPAUHWND__@@XZ 23003c10 f i dev.obj
 0001:00002c20       ??_GVManager@@QAEPAXI@Z    23003c20 f i dev.obj
 0001:00002c50       ??1VManager@@QAE@XZ        23003c50 f i dev.obj
 0001:00002c90       ??_GPrimBuffer@@QAEPAXI@Z  23003c90 f i dev.obj
 0001:00002cc0       ??1PrimBuffer@@QAE@XZ      23003cc0 f i dev.obj
 0001:00002ce0       ??1?$XRingChain@VVBuffer@@@@QAE@XZ 23003ce0 f i dev.obj
 0001:00002d50       ??0?$XList@VVidTexD3D@@@@QAE@KK@Z 23003d50 f i dev.obj
 0001:00002db0       ??0XListState@@QAE@KK@Z    23003db0 f i dev.obj
 0001:00002e00       ??1?$XList@VVidTexD3D@@@@QAE@XZ 23003e00 f i dev.obj
 0001:00002e70       ??_GVBuffer@@QAEPAXI@Z     23003e70 f i dev.obj
 0001:00002ea0       ?free_nodes@?$XList@VVidTexD3D@@@@IAEXXZ 23003ea0 f i dev.obj
 0001:00002ec0       ??0ViewD3D@@QAE@PAVXWnd@@PAUIDirect3DDevice8@@KKK@Z 23003ec0 f   vidif.obj
 0001:00002eff       ?Swap@VidD3D@@UAEKK@Z      23003eff f   vidif.obj
 0001:00002f2b       ?ClearScreen@VidD3D@@UAEXK@Z 23003f2b f   vidif.obj
 0001:00003008       ?ClipWindow@VidD3D@@UAEXKKKK@Z 23004008 f   vidif.obj
 0001:0000316a       ?SetClipBounds@VidD3D@@UAEXKKKK@Z 2300416a f   vidif.obj
 0001:000031cd       ?ColorWrite@VidD3D@@UAEXE@Z 230041cd f   vidif.obj
 0001:00003298       ?DepthWrite@VidD3D@@UAEXE@Z 23004298 f   vidif.obj
 0001:00003343       ?FlatColor@VidD3D@@UAEXEEE@Z 23004343 f   vidif.obj
 0001:000033b7       ?FlatAlpha@VidD3D@@UAEXE@Z 230043b7 f   vidif.obj
 0001:000033e8       ?AlphaTestValue@VidD3D@@UAEEE@Z 230043e8 f   vidif.obj
 0001:00003475       ?ColorMode@VidD3D@@UAE?AW4vidcolormodetype_t@@W42@@Z 23004475 f   vidif.obj
 0001:000036a5       ?AlphaMode@VidD3D@@UAE?AW4vidalphamodetype_t@@W42@@Z 230046a5 f   vidif.obj
 0001:00003884       ?BlendMode@VidD3D@@UAE?AW4vidblendmodetype_t@@W42@@Z 23004884 f   vidif.obj
 0001:00003a2d       ?WindingMode@VidD3D@@UAE?AW4vidwindingmodetype_t@@W42@@Z 23004a2d f   vidif.obj
 0001:00003ab2       ?MinFilterMode@VidD3D@@UAE?AW4vidfiltermodetype_t@@W42@@Z 23004ab2 f   vidif.obj
 0001:00003b36       ?MagFilterMode@VidD3D@@UAE?AW4vidfiltermodetype_t@@W42@@Z 23004b36 f   vidif.obj
 0001:00003bbd       ?AlphaTestMode@VidD3D@@UAE?AW4vidatestmodetype_t@@W42@@Z 23004bbd f   vidif.obj
 0001:00003c3f       ?AlphaTestEnable@VidD3D@@UAEKK@Z 23004c3f f   vidif.obj
 0001:00003cd8       ?ForceDraw@VidD3D@@UAEXE@Z 23004cd8 f   vidif.obj
 0001:00003d0f       ?Antialias@VidD3D@@UAEXE@Z 23004d0f f   vidif.obj
 0001:00003d46       ?DepthFunc@VidD3D@@UAE?AW4zfunc_modetype_t@@W42@@Z 23004d46 f   vidif.obj
 0001:00003da5       ?DepthEnable@VidD3D@@UAEXE@Z 23004da5 f   vidif.obj
 0001:00003eb6       ?_clip_test_vector@@YAXPAUvector_str@@@Z 23004eb6 f   vidif.obj
 0001:00003ec9       ?_clip_sanity_vector@@YAXPAUvector_str@@@Z 23004ec9 f   vidif.obj
 0001:00003edc       ?match_deb_coords@@YAKPAUDxVertexT@@00@Z 23004edc f   vidif.obj
 0001:00003fb9       ?check_clip@VidD3D@@QAEKPAUDxVertexT@@00@Z 23004fb9 f   vidif.obj
 0001:000040b2       ?DrawLine@VidD3D@@UAEXPAUvector_str@@000@Z 230050b2 f   vidif.obj
 0001:0000435f       ?DrawLineBox@VidD3D@@UAEXPAUvector_str@@000@Z 2300535f f   vidif.obj
 0001:0000470d       ?DrawTriangle@VidD3D@@UAEXPAUvector_str@@0PAM0@Z 2300570d f   vidif.obj
 0001:00004aa8       ?draw_polygon@VidD3D@@UAEXKPAVCVert@@@Z 23005aa8 f   vidif.obj
 0001:00004b46       ?DrawClippedPolygon@VidD3D@@UAEXKPAUvector_str@@0PAM0@Z 23005b46 f   vidif.obj
 0001:0000514e       ?DrawPolygon@VidD3D@@UAEXKPAUvector_str@@0PAM0@Z 2300614e f   vidif.obj
 0001:00005773       ?rend_begin_debug@VidD3D@@IAEXXZ 23006773 f   vidif.obj
 0001:00005801       ?rend_end_debug@VidD3D@@IAEXXZ 23006801 f   vidif.obj
 0001:0000585e       ?DrawPolygonFlags@VidD3D@@UAEXKKPAUvector_str@@0PAM0@Z 2300685e f   vidif.obj
 0001:00005e14       ?DrawString@VidD3D@@UAEXHHHHPADEHHH@Z 23006e14 f   vidif.obj
 0001:00006290       ?is_char_drawable@VidD3D@@UAEKD@Z 23007290 f   vidif.obj
 0001:000062af       ?LockScreen@VidD3D@@UAEKW4vidlockscreentype_t@@PAPAGPAH@Z 230072af f   vidif.obj
 0001:0000635c       ?UnlockScreen@VidD3D@@UAEXXZ 2300735c f   vidif.obj
 0001:000063a4       ?BeginScene@VidD3D@@UAEXXZ 230073a4 f   vidif.obj
 0001:000063ed       ?EndScene@VidD3D@@UAEXXZ   230073ed f   vidif.obj
 0001:0000645e       ?ClipGood@VidD3D@@UAEXXZ   2300745e f   vidif.obj
 0001:00006496       ?ClipBad@VidD3D@@UAEXXZ    23007496 f   vidif.obj
 0001:000064b3       ?BeginLines@VidD3D@@UAEXK@Z 230074b3 f   vidif.obj
 0001:0000653a       ?EndLines@VidD3D@@UAEXXZ   2300753a f   vidif.obj
 0001:00006619       ?SetHooptiFrustum@VidD3D@@UAEXMMMM@Z 23007619 f   vidif.obj
 0001:00006700       ??0VidView@@QAE@KKK@Z      23007700 f i vidif.obj
 0001:00006740       ??_EVidView@@UAEPAXI@Z     23007740 f i vidif.obj
 0001:00006740       ??_GVidView@@UAEPAXI@Z     23007740 f i vidif.obj
 0001:00006770       ??1VidView@@UAE@XZ         23007770 f i vidif.obj
 0001:00006790       ??_EViewD3D@@UAEPAXI@Z     23007790 f i vidif.obj
 0001:00006790       ??_GViewD3D@@UAEPAXI@Z     23007790 f i vidif.obj
 0001:000067c0       ??1ViewD3D@@UAE@XZ         230077c0 f i vidif.obj
 0001:000067e0       ?begin_prim@VidD3D@@IAEPAUDxVertexT@@KK@Z 230077e0 f i vidif.obj
 0001:00006810       ?begin_prim@VManager@@QAEPAUDxVertexT@@KK@Z 23007810 f i vidif.obj
 0001:00006870       ?CheckRoom@VManager@@IAEXG@Z 23007870 f i vidif.obj
 0001:000068e0       ?Lock@VBuffer@@QAEPAXK@Z   230078e0 f i vidif.obj
 0001:000069c0       ?set_vert_adv@VidD3D@@IAEXAAPAUDxVertexT@@PAU2@@Z 230079c0 f i vidif.obj
 0001:000069f0       ?end_prim@VidD3D@@IAEXPAUDxVertexT@@K@Z 230079f0 f i vidif.obj
 0001:00006a10       ?end_prim@VManager@@QAEXPAUDxVertexT@@K@Z 23007a10 f i vidif.obj
 0001:00006ac0       ?Unlock@VBuffer@@QAEXPAX@Z 23007ac0 f i vidif.obj
 0001:00006b50       ??0D3DXMATRIX@@QAE@XZ      23007b50 f i vidif.obj
 0001:00006b60       ??0VidTexD3D@@QAE@PBDPAVXImage@@@Z 23007b60 f   tex.obj
 0001:00006cd5       ??0VidTexD3D@@QAE@PBDKKK@Z 23007cd5 f   tex.obj
 0001:00006db7       ??1VidTexD3D@@UAE@XZ       23007db7 f   tex.obj
 0001:00006e03       ?create_d3d@VidTexD3D@@QAEXPAUIDirect3DDevice8@@@Z 23007e03 f   tex.obj
 0001:00006e55       ?load_tex@VidTexD3D@@QAEXXZ 23007e55 f   tex.obj
 0001:00006f36       ?release_d3d@VidTexD3D@@QAEXXZ 23007f36 f   tex.obj
 0001:00006f66       ?remove@TexList@@QAEPAVVidTexD3D@@PAV2@@Z 23007f66 f   tex.obj
 0001:00006fae       ?find_named@TexList@@QAEPAVVidTexD3D@@PBD@Z 23007fae f   tex.obj
 0001:00007013       ?release_d3d@TexList@@QAEXXZ 23008013 f   tex.obj
 0001:00007049       ?TexActivate@VidD3D@@UAEKPAVVidTex@@W4vidtexactivatetype_t@@@Z 23008049 f   tex.obj
 0001:000070e7       ?TexLoad@VidD3D@@UAEPAVVidTex@@PBDEKK@Z 230080e7 f   tex.obj
 0001:000071fd       ?TexLoadBMP@VidD3D@@UAEPAVVidTex@@PBDEK@Z 230081fd f   tex.obj
 0001:000072b1       ?TexLoadTGA@VidD3D@@UAEPAVVidTex@@PBDEK@Z 230082b1 f   tex.obj
 0001:00007376       ?TexRelease@VidD3D@@UAEKPAVVidTex@@@Z 23008376 f   tex.obj
 0001:000073e8       ?TexReload@VidD3D@@UAEKPAVVidTex@@@Z 230083e8 f   tex.obj
 0001:00007427       ?TexForName@VidD3D@@UAEPAVVidTex@@PBD@Z 23008427 f   tex.obj
 0001:00007446       ?CreateBlankTex@VidD3D@@IAEXXZ 23008446 f   tex.obj
 0001:000074f3       ?GetBlankTex@VidD3D@@UAEPAVVidTex@@XZ 230084f3 f   tex.obj
 0001:00007520       ??0VidTex@@QAE@XZ          23008520 f i tex.obj
 0001:00007550       ??_GVidTex@@UAEPAXI@Z      23008550 f i tex.obj
 0001:00007550       ??_EVidTex@@UAEPAXI@Z      23008550 f i tex.obj
 0001:00007580       ??1VidTex@@UAE@XZ          23008580 f i tex.obj
 0001:000075b0       ??_GVidTexD3D@@UAEPAXI@Z   230085b0 f i tex.obj
 0001:000075b0       ??_EVidTexD3D@@UAEPAXI@Z   230085b0 f i tex.obj
 0001:000075e0       ?ImgGetFormatInfo@@YAPAVImgFormatInfo@@K@Z 230085e0 f i tex.obj
 0001:00007600       ?get_d3d@VidTexD3D@@QAEPAUIDirect3DTexture8@@XZ 23008600 f i tex.obj
 0001:00007620       ??0?$autoptr@VXImage@@@@QAE@XZ 23008620 f i tex.obj
 0001:00007640       ??0?$autoptr@VXImage@@@@QAE@PAVXImage@@@Z 23008640 f i tex.obj
 0001:00007660       ??1?$autoptr@VXImage@@@@QAE@XZ 23008660 f i tex.obj
 0001:000076a0       ??C?$autoptr@VXImage@@@@QAEPAVXImage@@XZ 230086a0 f i tex.obj
 0001:000076b0       ??_GXImage@@QAEPAXI@Z      230086b0 f i tex.obj
 0001:000076e0       ?remove@?$XList@VVidTexD3D@@@@QAEXPAU_XPos@@@Z 230086e0 f i tex.obj
 0001:00007750       _memset                    23008750 f   msvcrt:MSVCRT.dll
 0001:00007756       __onexit                   23008756 f   msvcrt:atonexit.obj
 0001:00007782       _atexit                    23008782 f   msvcrt:atonexit.obj
 0001:00007794       __purecall                 23008794 f   msvcrt:MSVCRT.dll
 0001:0000779a       __rotl                     2300879a f   msvcrt:MSVCRT.dll
 0001:000077a0       __ftol                     230087a0 f   msvcrt:MSVCRT.dll
 0001:000077a6       __stricmp                  230087a6 f   msvcrt:MSVCRT.dll
 0001:000077ac       __CRT_INIT@12              230087ac f   msvcrt:crtdll.obj
 0001:00007857       __DllMainCRTStartup@12     23008857 f   msvcrt:crtdll.obj
 0001:000078f4       ___dllonexit               230088f4 f   msvcrt:MSVCRT.dll
 0001:000078fa       _free                      230088fa f   msvcrt:MSVCRT.dll
 0001:00007900       __initterm                 23008900 f   msvcrt:MSVCRT.dll
 0001:00007906       _malloc                    23008906 f   msvcrt:MSVCRT.dll
 0001:0000790c       _Direct3DCreate8@4         2300890c f   d3d8:d3d8.dll
 0001:00007952       _D3DXVec2Hermite@24        23008952 f   d3dx8:d3dxmath.obj
 0001:000079e0       _D3DXVec2CatmullRom@24     230089e0 f   d3dx8:d3dxmath.obj
 0001:00007a8f       _D3DXVec2BaryCentric@24    23008a8f f   d3dx8:d3dxmath.obj
 0001:00007ad2       _D3DXVec2Transform@12      23008ad2 f   d3dx8:d3dxmath.obj
 0001:00007b3b       _D3DXVec2TransformNormal@12 23008b3b f   d3dx8:d3dxmath.obj
 0001:00007b70       _D3DXVec3Hermite@24        23008b70 f   d3dx8:d3dxmath.obj
 0001:00007c1e       _D3DXVec3CatmullRom@24     23008c1e f   d3dx8:d3dxmath.obj
 0001:00007cef       _acosf                     23008cef f i d3dx8:d3dxmath.obj
 0001:00007cf9       _atan2f                    23008cf9 f i d3dx8:d3dxmath.obj
 0001:00007d04       _D3DXVec3BaryCentric@24    23008d04 f   d3dx8:d3dxmath.obj
 0001:00007d61       _D3DXVec3Transform@12      23008d61 f   d3dx8:d3dxmath.obj
 0001:00007dec       _sinf                      23008dec f i d3dx8:d3dxmath.obj
 0001:00007df3       _sqrtf                     23008df3 f i d3dx8:d3dxmath.obj
 0001:00007dfa       ??0D3DXVECTOR3@@QAE@XZ     23008dfa f i d3dx8:d3dxmath.obj
 0001:00007dfd       ??0D3DXVECTOR4@@QAE@XZ     23008dfd f i d3dx8:d3dxmath.obj
 0001:00007e00       ??0D3DXQUATERNION@@QAE@XZ  23008e00 f i d3dx8:d3dxmath.obj
 0001:00007e03       ??0D3DXPLANE@@QAE@XZ       23008e03 f i d3dx8:d3dxmath.obj
 0001:00007e06       ??0D3DXVECTOR2@@QAE@MM@Z   23008e06 f i d3dx8:d3dxmath.obj
 0001:00007e18       _D3DXVec3TransformNormal@12 23008e18 f   d3dx8:d3dxmath.obj
 0001:00007e77       ??_0D3DXVECTOR2@@QAEAAU0@M@Z 23008e77 f i d3dx8:d3dxmath.obj
 0001:00007e8e       ??KD3DXVECTOR2@@QBE?AU0@M@Z 23008e8e f i d3dx8:d3dxmath.obj
 0001:00007eab       ??0D3DXVECTOR3@@QAE@MMM@Z  23008eab f i d3dx8:d3dxmath.obj
 0001:00007ec4       _D3DXVec4Cross@16          23008ec4 f   d3dx8:d3dxmath.obj
 0001:00007fb4       ??_0D3DXVECTOR3@@QAEAAU0@M@Z 23008fb4 f i d3dx8:d3dxmath.obj
 0001:00007fd3       ??GD3DXVECTOR3@@QBE?AU0@ABU0@@Z 23008fd3 f i d3dx8:d3dxmath.obj
 0001:00007ff6       ??KD3DXVECTOR3@@QBE?AU0@M@Z 23008ff6 f i d3dx8:d3dxmath.obj
 0001:0000801e       _D3DXVec4Hermite@24        2300901e f   d3dx8:d3dxmath.obj
 0001:000080ef       _D3DXVec4CatmullRom@24     230090ef f   d3dx8:d3dxmath.obj
 0001:000081e2       ??0D3DXVECTOR4@@QAE@MMMM@Z 230091e2 f i d3dx8:d3dxmath.obj
 0001:00008202       _D3DXVec4BaryCentric@24    23009202 f   d3dx8:d3dxmath.obj
 0001:00008279       _D3DXVec4Transform@12      23009279 f   d3dx8:d3dxmath.obj
 0001:00008312       _D3DXMatrixfDeterminant@4  23009312 f   d3dx8:d3dxmath.obj
 0001:000083dc       ??KD3DXVECTOR4@@QBE?AU0@M@Z 230093dc f i d3dx8:d3dxmath.obj
 0001:00008409       _D3DXMatrixMultiply@12     23009409 f   d3dx8:d3dxmath.obj
 0001:000084ec       _D3DXMatrixTranspose@8     230094ec f   d3dx8:d3dxmath.obj
 0001:00008559       _D3DXMatrixInverse@12      23009559 f   d3dx8:d3dxmath.obj
 0001:000088e6       _D3DXMatrixScaling@16      230098e6 f   d3dx8:d3dxmath.obj
 0001:00008942       _D3DXMatrixTranslation@16  23009942 f   d3dx8:d3dxmath.obj
 0001:0000899e       _D3DXMatrixRotationX@8     2300999e f   d3dx8:d3dxmath.obj
 0001:00008a18       _D3DXMatrixRotationY@8     23009a18 f   d3dx8:d3dxmath.obj
 0001:00008a93       _D3DXMatrixRotationZ@8     23009a93 f   d3dx8:d3dxmath.obj
 0001:00008b0f       ??0D3DXQUATERNION@@QAE@MMMM@Z 23009b0f f i d3dx8:d3dxmath.obj
 0001:00008b2f       _D3DXMatrixRotationQuaternion@8 23009b2f f   d3dx8:d3dxmath.obj
 0001:00008c11       ??_0D3DXQUATERNION@@QAEAAU0@M@Z 23009c11 f i d3dx8:d3dxmath.obj
 0001:00008c38       ??KD3DXQUATERNION@@QBE?AU0@M@Z 23009c38 f i d3dx8:d3dxmath.obj
 0001:00008c65       ??0D3DXPLANE@@QAE@MMMM@Z   23009c65 f i d3dx8:d3dxmath.obj
 0001:00008c85       ??GD3DXPLANE@@QBE?AU0@XZ   23009c85 f i d3dx8:d3dxmath.obj
 0001:00008caa       _D3DXMatrixAffineTransformation@20 23009caa f   d3dx8:d3dxmath.obj
 0001:00008d86       _D3DXMatrixPerspectiveRH@20 23009d86 f   d3dx8:d3dxmath.obj
 0001:00008df2       _D3DXMatrixPerspectiveLH@20 23009df2 f   d3dx8:d3dxmath.obj
 0001:00008e5e       _D3DXMatrixPerspectiveFovRH@20 23009e5e f   d3dx8:d3dxmath.obj
 0001:00008ef2       _D3DXMatrixPerspectiveFovLH@20 23009ef2 f   d3dx8:d3dxmath.obj
 0001:00008f86       ?D3DXVec2LengthSq@@YAMPBUD3DXVECTOR2@@@Z 23009f86 f i d3dx8:d3dxmath.obj
 0001:00008f9e       _D3DXMatrixPerspectiveOffCenterRH@28 23009f9e f   d3dx8:d3dxmath.obj
 0001:0000903b       _D3DXMatrixPerspectiveOffCenterLH@28 2300a03b f   d3dx8:d3dxmath.obj
 0001:000090dc       _D3DXMatrixOrthoRH@20      2300a0dc f   d3dx8:d3dxmath.obj
 0001:0000914e       ?D3DXVec3LengthSq@@YAMPBUD3DXVECTOR3@@@Z 2300a14e f i d3dx8:d3dxmath.obj
 0001:00009171       ?D3DXVec3Dot@@YAMPBUD3DXVECTOR3@@0@Z 2300a171 f i d3dx8:d3dxmath.obj
 0001:0000918e       _D3DXMatrixOrthoLH@20      2300a18e f   d3dx8:d3dxmath.obj
 0001:00009202       ?D3DXVec3Cross@@YAPAUD3DXVECTOR3@@PAU1@PBU1@1@Z 2300a202 f i d3dx8:d3dxmath.obj
 0001:0000924e       ?D3DXVec3Subtract@@YAPAUD3DXVECTOR3@@PAU1@PBU1@1@Z 2300a24e f i d3dx8:d3dxmath.obj
 0001:00009273       _D3DXMatrixOrthoOffCenterRH@28 2300a273 f   d3dx8:d3dxmath.obj
 0001:00009315       _D3DXMatrixOrthoOffCenterLH@28 2300a315 f   d3dx8:d3dxmath.obj
 0001:000093b9       ?D3DXVec3Lerp@@YAPAUD3DXVECTOR3@@PAU1@PBU1@1M@Z 2300a3b9 f i d3dx8:d3dxmath.obj
 0001:000093f0       ?D3DXVec4LengthSq@@YAMPBUD3DXVECTOR4@@@Z 2300a3f0 f i d3dx8:d3dxmath.obj
 0001:0000941e       _D3DXQuaternionRotationMatrix@8 2300a41e f   d3dx8:d3dxmath.obj
 0001:00009552       ?D3DXMatrixIdentity@@YAPAUD3DXMATRIX@@PAU1@@Z 2300a552 f i d3dx8:d3dxmath.obj
 0001:000095a6       ?D3DXQuaternionLengthSq@@YAMPBUD3DXQUATERNION@@@Z 2300a5a6 f i d3dx8:d3dxmath.obj
 0001:000095d4       ?D3DXQuaternionDot@@YAMPBUD3DXQUATERNION@@0@Z 2300a5d4 f i d3dx8:d3dxmath.obj
 0001:000095f9       _D3DXQuaternionRotationYawPitchRoll@16 2300a5f9 f   d3dx8:d3dxmath.obj
 0001:000096d2       _D3DXQuaternionMultiply@12 2300a6d2 f   d3dx8:d3dxmath.obj
 0001:00009768       ?D3DXQuaternionConjugate@@YAPAUD3DXQUATERNION@@PAU1@PBU1@@Z 2300a768 f i d3dx8:d3dxmath.obj
 0001:0000978d       ?D3DXPlaneDot@@YAMPBUD3DXPLANE@@PBUD3DXVECTOR4@@@Z 2300a78d f i d3dx8:d3dxmath.obj
 0001:000097b2       ?D3DXPlaneDotCoord@@YAMPBUD3DXPLANE@@PBUD3DXVECTOR3@@@Z 2300a7b2 f i d3dx8:d3dxmath.obj
 0001:000097d2       ?D3DXPlaneDotNormal@@YAMPBUD3DXPLANE@@PBUD3DXVECTOR3@@@Z 2300a7d2 f i d3dx8:d3dxmath.obj
 0001:000097ef       _D3DXQuaternionNormalize@8 2300a7ef f   d3dx8:d3dxmath.obj
 0001:0000987b       _D3DXQuaternionInverse@8   2300a87b f   d3dx8:d3dxmath.obj
 0001:000098fa       _D3DXQuaternionLn@8        2300a8fa f   d3dx8:d3dxmath.obj
 0001:0000997a       _D3DXQuaternionExp@8       2300a97a f   d3dx8:d3dxmath.obj
 0001:00009a1b       _D3DXQuaternionSlerp@16    2300aa1b f   d3dx8:d3dxmath.obj
 0001:00009af5       _D3DXQuaternionSquad@24    2300aaf5 f   d3dx8:d3dxmath.obj
 0001:00009b4c       _D3DXQuaternionBaryCentric@24 2300ab4c f   d3dx8:d3dxmath.obj
 0001:00009bd8       _D3DXPlaneNormalize@8      2300abd8 f   d3dx8:d3dxmath.obj
 0001:00009c82       _D3DXPlaneIntersectLine@16 2300ac82 f   d3dx8:d3dxmath.obj
 0001:00009d0f       _D3DXPlaneFromPointNormal@12 2300ad0f f   d3dx8:d3dxmath.obj
 0001:00009d47       _D3DXColorAdjustSaturation@12 2300ad47 f   d3dx8:d3dxmath.obj
 0001:00009d9f       _D3DXColorAdjustContrast@12 2300ad9f f   d3dx8:d3dxmath.obj
 0001:00009ddf       _D3DXVec2Normalize@8       2300addf f   d3dx8:d3dxmath.obj
 0001:00009e73       _D3DXVec2TransformCoord@12 2300ae73 f   d3dx8:d3dxmath.obj
 0001:00009f1e       _D3DXVec3Normalize@8       2300af1e f   d3dx8:d3dxmath.obj
 0001:00009fc5       _D3DXVec3TransformCoord@12 2300afc5 f   d3dx8:d3dxmath.obj
 0001:0000a095       _D3DXVec3Project@24        2300b095 f   d3dx8:d3dxmath.obj
 0001:0000a1b2       _D3DXVec3Unproject@24      2300b1b2 f   d3dx8:d3dxmath.obj
 0001:0000a2e0       _D3DXVec4Normalize@8       2300b2e0 f   d3dx8:d3dxmath.obj
 0001:0000a36c       _D3DXMatrixRotationAxis@12 2300b36c f   d3dx8:d3dxmath.obj
 0001:0000a46e       _D3DXMatrixRotationYawPitchRoll@16 2300b46e f   d3dx8:d3dxmath.obj
 0001:0000a4a7       _D3DXMatrixTransformation@28 2300b4a7 f   d3dx8:d3dxmath.obj
 0001:0000a6a6       _D3DXMatrixLookAtRH@16     2300b6a6 f   d3dx8:d3dxmath.obj
 0001:0000a7ac       _D3DXMatrixLookAtLH@16     2300b7ac f   d3dx8:d3dxmath.obj
 0001:0000a8b2       _D3DXMatrixShadow@12       2300b8b2 f   d3dx8:d3dxmath.obj
 0001:0000a990       _D3DXMatrixReflect@8       2300b990 f   d3dx8:d3dxmath.obj
 0001:0000aa4f       _D3DXQuaternionToAxisAngle@12 2300ba4f f   d3dx8:d3dxmath.obj
 0001:0000aacc       _D3DXQuaternionRotationAxis@12 2300bacc f   d3dx8:d3dxmath.obj
 0001:0000ab28       _D3DXPlaneFromPoints@16    2300bb28 f   d3dx8:d3dxmath.obj
 0001:0000aba7       _D3DXPlaneTransform@12     2300bba7 f   d3dx8:d3dxmath.obj
 0001:0000b0a9       _D3DXLoadSurfaceFromMemory@40 2300c0a9 f   d3dx8:d3dx8tex.obj
 0001:0000b2df       _D3DXLoadVolumeFromMemory@44 2300c2df f   d3dx8:d3dx8tex.obj
 0001:0000b4f5       _D3DXCheckTextureRequirements@28 2300c4f5 f   d3dx8:d3dx8tex.obj
 0001:0000b51d       _D3DXCreateTexture@32      2300c51d f   d3dx8:d3dx8tex.obj
 0001:0000b583       _D3DXCheckCubeTextureRequirements@24 2300c583 f   d3dx8:d3dx8tex.obj
 0001:0000b5ab       _D3DXCreateCubeTexture@28  2300c5ab f   d3dx8:d3dx8tex.obj
 0001:0000b60a       _D3DXCheckVolumeTextureRequirements@32 2300c60a f   d3dx8:d3dx8tex.obj
 0001:0000b633       _D3DXCreateVolumeTexture@36 2300c633 f   d3dx8:d3dx8tex.obj
 0001:0000b6a0       _D3DXLoadSurfaceFromFileInMemory@36 2300c6a0 f   d3dx8:d3dx8tex.obj
 0001:0000b756       _D3DXLoadSurfaceFromSurface@32 2300c756 f   d3dx8:d3dx8tex.obj
 0001:0000b873       _D3DXLoadVolumeFromVolume@32 2300c873 f   d3dx8:d3dx8tex.obj
 0001:0000b9a8       _D3DXFilterTexture@16      2300c9a8 f   d3dx8:d3dx8tex.obj
 0001:0000bad9       _D3DXFilterCubeTexture@16  2300cad9 f   d3dx8:d3dx8tex.obj
 0001:0000bc2b       _D3DXFilterVolumeTexture@16 2300cc2b f   d3dx8:d3dx8tex.obj
 0001:0000bd71       _D3DXLoadSurfaceFromFileA@32 2300cd71 f   d3dx8:d3dx8tex.obj
 0001:0000bdc2       _D3DXLoadSurfaceFromFileW@32 2300cdc2 f   d3dx8:d3dx8tex.obj
 0001:0000be13       _D3DXLoadSurfaceFromResourceA@36 2300ce13 f   d3dx8:d3dx8tex.obj
 0001:0000be67       _D3DXLoadSurfaceFromResourceW@36 2300ce67 f   d3dx8:d3dx8tex.obj
 0001:0000bebb       _D3DXCreateTextureFromFileInMemoryEx@60 2300cebb f   d3dx8:d3dx8tex.obj
 0001:0000c2cc       _D3DXCreateCubeTextureFromFileInMemoryEx@56 2300d2cc f   d3dx8:d3dx8tex.obj
 0001:0000c70e       _D3DXCreateTextureFromFileExA@56 2300d70e f   d3dx8:d3dx8tex.obj
 0001:0000c771       _D3DXCreateTextureFromFileExW@56 2300d771 f   d3dx8:d3dx8tex.obj
 0001:0000c7d4       _D3DXCreateTextureFromResourceExA@60 2300d7d4 f   d3dx8:d3dx8tex.obj
 0001:0000c83a       _D3DXCreateTextureFromResourceExW@60 2300d83a f   d3dx8:d3dx8tex.obj
 0001:0000c8a0       _D3DXCreateTextureFromFileInMemory@16 2300d8a0 f   d3dx8:d3dx8tex.obj
 0001:0000c8c9       _D3DXCreateCubeTextureFromFileExA@52 2300d8c9 f   d3dx8:d3dx8tex.obj
 0001:0000c929       _D3DXCreateCubeTextureFromFileExW@52 2300d929 f   d3dx8:d3dx8tex.obj
 0001:0000c989       _D3DXCreateCubeTextureFromFileInMemory@16 2300d989 f   d3dx8:d3dx8tex.obj
 0001:0000c9b1       _D3DXCreateTextureFromFileA@12 2300d9b1 f   d3dx8:d3dx8tex.obj
 0001:0000c9d6       _D3DXCreateTextureFromFileW@12 2300d9d6 f   d3dx8:d3dx8tex.obj
 0001:0000c9fb       _D3DXCreateTextureFromResourceA@16 2300d9fb f   d3dx8:d3dx8tex.obj
 0001:0000ca24       _D3DXCreateTextureFromResourceW@16 2300da24 f   d3dx8:d3dx8tex.obj
 0001:0000ca4d       _D3DXCreateCubeTextureFromFileA@12 2300da4d f   d3dx8:d3dx8tex.obj
 0001:0000ca71       _D3DXCreateCubeTextureFromFileW@12 2300da71 f   d3dx8:d3dx8tex.obj
 0001:0000ca95       ??0CD3DXBlt@@QAE@XZ        2300da95 f   d3dx8:cd3dxblt.obj
 0001:0000ca9f       ??1CD3DXBlt@@QAE@XZ        2300da9f f   d3dx8:cd3dxblt.obj
 0001:0000cabd       _floorf                    2300dabd f i d3dx8:cd3dxblt.obj
 0001:0000cace       ??0D3DXCOLOR@@QAE@XZ       2300dace f i d3dx8:cd3dxblt.obj
 0001:0000cad1       ??1TF_Row@@QAE@XZ          2300dad1 f i d3dx8:cd3dxblt.obj
 0001:0000caf3       ??_GTF_Row@@QAEPAXI@Z      2300daf3 f i d3dx8:cd3dxblt.obj
 0001:0000cdb0       ?BltTriangle2D@CD3DXBlt@@IAEJXZ 2300ddb0 f   d3dx8:cd3dxblt.obj
 0001:0000d166       ?BltTriangle3D@CD3DXBlt@@IAEJXZ 2300e166 f   d3dx8:cd3dxblt.obj
 0001:0000d63d       ??0D3DXCOLOR@@QAE@MMMM@Z   2300e63d f i d3dx8:cd3dxblt.obj
 0001:0000d65d       ??HD3DXCOLOR@@QBE?AU0@ABU0@@Z 2300e65d f i d3dx8:cd3dxblt.obj
 0001:0000d689       ??DD3DXCOLOR@@QBE?AU0@M@Z  2300e689 f i d3dx8:cd3dxblt.obj
 0001:0000d6b5       ?BltSame_DXTn@CD3DXBlt@@IAEJXZ 2300e6b5 f   d3dx8:cd3dxblt.obj
 0001:0000d836       ?BltBox2D_R8G8B8@CD3DXBlt@@IAEJXZ 2300e836 f   d3dx8:cd3dxblt.obj
 0001:0000d83c       ?BltBox2D_A8R8G8B8@CD3DXBlt@@IAEJXZ 2300e83c f   d3dx8:cd3dxblt.obj
 0001:0000d99a       ?BltBox2D_X8R8G8B8@CD3DXBlt@@IAEJXZ 2300e99a f   d3dx8:cd3dxblt.obj
 0001:0000dab6       ?BltBox2D_R5G6B5@CD3DXBlt@@IAEJXZ 2300eab6 f   d3dx8:cd3dxblt.obj
 0001:0000dc06       ?BltBox2D_X1R5G5B5@CD3DXBlt@@IAEJXZ 2300ec06 f   d3dx8:cd3dxblt.obj
 0001:0000dd2a       ?BltBox2D_A1R5G5B5@CD3DXBlt@@IAEJXZ 2300ed2a f   d3dx8:cd3dxblt.obj
 0001:0000de79       ?BltBox2D_A4R4G4B4@CD3DXBlt@@IAEJXZ 2300ee79 f   d3dx8:cd3dxblt.obj
 0001:0000dfcc       ?BltBox2D_R3G3B2@CD3DXBlt@@IAEJXZ 2300efcc f   d3dx8:cd3dxblt.obj
 0001:0000e10b       ?BltBox2D_A8@CD3DXBlt@@IAEJXZ 2300f10b f   d3dx8:cd3dxblt.obj
 0001:0000e1a6       ?BltBox2D_A8R3G3B2@CD3DXBlt@@IAEJXZ 2300f1a6 f   d3dx8:cd3dxblt.obj
 0001:0000e2f2       ?BltBox2D_X4R4G4B4@CD3DXBlt@@IAEJXZ 2300f2f2 f   d3dx8:cd3dxblt.obj
 0001:0000e413       ?BltBox2D_A8P8@CD3DXBlt@@IAEJXZ 2300f413 f   d3dx8:cd3dxblt.obj
 0001:0000e419       ?BltBox2D_P8@CD3DXBlt@@IAEJXZ 2300f419 f   d3dx8:cd3dxblt.obj
 0001:0000e41f       ?BltBox2D_A8L8@CD3DXBlt@@IAEJXZ 2300f41f f   d3dx8:cd3dxblt.obj
 0001:0000e56b       ?BltBox2D_A4L4@CD3DXBlt@@IAEJXZ 2300f56b f   d3dx8:cd3dxblt.obj
 0001:0000e6ec       ?BltSame@CD3DXBlt@@IAEJXZ  2300f6ec f   d3dx8:cd3dxblt.obj
 0001:0000e81e       ?BltCopy@CD3DXBlt@@IAEJXZ  2300f81e f   d3dx8:cd3dxblt.obj
 0001:0000e8c0       ?BltNone@CD3DXBlt@@IAEJXZ  2300f8c0 f   d3dx8:cd3dxblt.obj
 0001:0000ea35       ?BltPoint@CD3DXBlt@@IAEJXZ 2300fa35 f   d3dx8:cd3dxblt.obj
 0001:0000ebcb       ?BltBox2D@CD3DXBlt@@IAEJXZ 2300fbcb f   d3dx8:cd3dxblt.obj
 0001:0000ef60       ?BltBox3D@CD3DXBlt@@IAEJXZ 2300ff60 f   d3dx8:cd3dxblt.obj
 0001:0000f3da       ?BltLinear2D@CD3DXBlt@@IAEJXZ 230103da f   d3dx8:cd3dxblt.obj
 0001:0000f71b       ?BltLinear3D@CD3DXBlt@@IAEJXZ 2301071b f   d3dx8:cd3dxblt.obj
 0001:0000fd68       ?Blt@CD3DXBlt@@QAEJPAUD3DX_BLT@@0K@Z 23010d68 f   d3dx8:cd3dxblt.obj
 0001:0000fe7a       ??0CD3DXImage@@QAE@XZ      23010e7a f   d3dx8:cd3dximage.obj
 0001:0000fe93       ??1CD3DXImage@@QAE@XZ      23010e93 f   d3dx8:cd3dximage.obj
 0001:0000feec       ??_GCD3DXImage@@QAEPAXI@Z  23010eec f i d3dx8:cd3dximage.obj
 0001:0000ff08       ?LoadDIB@CD3DXImage@@AAEJPBXK@Z 23010f08 f   d3dx8:cd3dximage.obj
 0001:000105a5       ?LoadJPG@CD3DXImage@@AAEJPBXK@Z 230115a5 f   d3dx8:cd3dximage.obj
 0001:000107fa       ?LoadTGA@CD3DXImage@@AAEJPBXK@Z 230117fa f   d3dx8:cd3dximage.obj
 0001:00010c72       ?LoadPPM@CD3DXImage@@AAEJPBXK@Z 23011c72 f   d3dx8:cd3dximage.obj
 0001:00010f43       ?LoadPNG@CD3DXImage@@AAEJPBXK@Z 23011f43 f   d3dx8:cd3dximage.obj
 0001:00011459       ?LoadDDS@CD3DXImage@@AAEJPBXK@Z 23012459 f   d3dx8:cd3dximage.obj
 0001:0001176c       ?LoadBMP@CD3DXImage@@AAEJPBXK@Z 2301276c f   d3dx8:cd3dximage.obj
 0001:0001179c       ?Load@CD3DXImage@@QAEJPBXKPAU_D3DXIMAGE_INFO@@@Z 2301279c f   d3dx8:cd3dximage.obj
 0001:000118f6       ??0CD3DXFile@@QAE@XZ       230128f6 f   d3dx8:cd3dxfile.obj
 0001:00011908       ?Open@CD3DXFile@@QAEJPBXH@Z 23012908 f   d3dx8:cd3dxfile.obj
 0001:00011a21       ?Close@CD3DXFile@@QAEJXZ   23012a21 f   d3dx8:cd3dxfile.obj
 0001:00011a62       ??1CD3DXFile@@QAE@XZ       23012a62 f   d3dx8:cd3dxfile.obj
 0001:00011a6d       ??0CD3DXResource@@QAE@XZ   23012a6d f   d3dx8:cd3dxresource.obj
 0001:00011a7a       ??1CD3DXResource@@QAE@XZ   23012a7a f   d3dx8:cd3dxresource.obj
 0001:00011a88       ?Close@CD3DXResource@@QAEJXZ 23012a88 f   d3dx8:cd3dxresource.obj
 0001:00011aa7       ?Open@CD3DXResource@@QAEJPAUHINSTANCE__@@PBXH@Z 23012aa7 f   d3dx8:cd3dxresource.obj
 0001:00011b27       ??1CD3DXCodec@@UAE@XZ      23012b27 f   d3dx8:cd3dxcodec.obj
 0001:00011b2e       ?Decode@CD3DXCodec@@UAEXIIPAUD3DXCOLOR@@@Z 23012b2e f   d3dx8:cd3dxcodec.obj
 0001:00011b31       ?Encode@CD3DXCodec@@UAEXIIPAUD3DXCOLOR@@@Z 23012b31 f   d3dx8:cd3dxcodec.obj
 0001:00011b34       ??0D3DXCOLOR@@QAE@K@Z      23012b34 f i d3dx8:cd3dxcodec.obj
 0001:00011b8a       ?Decode@CD3DXCodec_V8U8@@UAEXIIPAUD3DXCOLOR@@@Z 23012b8a f   d3dx8:cd3dxcodec.obj
 0001:00011bf3       ?Decode@CD3DXCodec_L6V5U5@@UAEXIIPAUD3DXCOLOR@@@Z 23012bf3 f   d3dx8:cd3dxcodec.obj
 0001:00011c89       ?Decode@CD3DXCodec_X8L8V8U8@@UAEXIIPAUD3DXCOLOR@@@Z 23012c89 f   d3dx8:cd3dxcodec.obj
 0001:00011d01       ?Decode@CD3DXCodec_Q8W8V8U8@@UAEXIIPAUD3DXCOLOR@@@Z 23012d01 f   d3dx8:cd3dxcodec.obj
 0001:00011d7f       ?Decode@CD3DXCodec_V16U16@@UAEXIIPAUD3DXCOLOR@@@Z 23012d7f f   d3dx8:cd3dxcodec.obj
 0001:00011de9       ?Decode@CD3DXCodec_W11V11U10@@UAEXIIPAUD3DXCOLOR@@@Z 23012de9 f   d3dx8:cd3dxcodec.obj
 0001:00011e88       ??GD3DXCOLOR@@QBE?AU0@ABU0@@Z 23012e88 f i d3dx8:cd3dxcodec.obj
 0001:00011eb4       ??8D3DXCOLOR@@QBEHABU0@@Z  23012eb4 f i d3dx8:cd3dxcodec.obj
 0001:00011f36       ??0CD3DXCodec@@IAE@PAUD3DX_BLT@@IK@Z 23012f36 f   d3dx8:cd3dxcodec.obj
 0001:0001211f       ??_GCD3DXCodec@@UAEPAXI@Z  2301311f f i d3dx8:cd3dxcodec.obj
 0001:0001211f       ??_ECD3DXCodec@@UAEPAXI@Z  2301311f f i d3dx8:cd3dxcodec.obj
 0001:0001213b       ?ColorKey@CD3DXCodec@@IAEXPAUD3DXCOLOR@@@Z 2301313b f   d3dx8:cd3dxcodec.obj
 0001:000121ab       ?Encode@CD3DXCodec_R8G8B8@@UAEXIIPAUD3DXCOLOR@@@Z 230131ab f   d3dx8:cd3dxcodec.obj
 0001:0001226c       ?Encode@CD3DXCodec_A8R8G8B8@@UAEXIIPAUD3DXCOLOR@@@Z 2301326c f   d3dx8:cd3dxcodec.obj
 0001:00012365       ?Encode@CD3DXCodec_X8R8G8B8@@UAEXIIPAUD3DXCOLOR@@@Z 23013365 f   d3dx8:cd3dxcodec.obj
 0001:0001243c       ?Encode@CD3DXCodec_R5G6B5@@UAEXIIPAUD3DXCOLOR@@@Z 2301343c f   d3dx8:cd3dxcodec.obj
 0001:00012513       ?Encode@CD3DXCodec_X1R5G5B5@@UAEXIIPAUD3DXCOLOR@@@Z 23013513 f   d3dx8:cd3dxcodec.obj
 0001:000125ea       ?Encode@CD3DXCodec_A1R5G5B5@@UAEXIIPAUD3DXCOLOR@@@Z 230135ea f   d3dx8:cd3dxcodec.obj
 0001:000126dd       ?Encode@CD3DXCodec_A4R4G4B4@@UAEXIIPAUD3DXCOLOR@@@Z 230136dd f   d3dx8:cd3dxcodec.obj
 0001:000127d6       ?Encode@CD3DXCodec_R3G3B2@@UAEXIIPAUD3DXCOLOR@@@Z 230137d6 f   d3dx8:cd3dxcodec.obj
 0001:000128a7       ?Encode@CD3DXCodec_A8@@UAEXIIPAUD3DXCOLOR@@@Z 230138a7 f   d3dx8:cd3dxcodec.obj
 0001:00012929       ?Encode@CD3DXCodec_A8R3G3B2@@UAEXIIPAUD3DXCOLOR@@@Z 23013929 f   d3dx8:cd3dxcodec.obj
 0001:00012a22       ?Encode@CD3DXCodec_X4R4G4B4@@UAEXIIPAUD3DXCOLOR@@@Z 23013a22 f   d3dx8:cd3dxcodec.obj
 0001:00012af9       ?Encode@CD3DXCodec_A8P8@@UAEXIIPAUD3DXCOLOR@@@Z 23013af9 f   d3dx8:cd3dxcodec.obj
 0001:00012bf6       ?Encode@CD3DXCodec_P8@@UAEXIIPAUD3DXCOLOR@@@Z 23013bf6 f   d3dx8:cd3dxcodec.obj
 0001:00012cb0       ?Encode@CD3DXCodec_L8@@UAEXIIPAUD3DXCOLOR@@@Z 23013cb0 f   d3dx8:cd3dxcodec.obj
 0001:00012d4e       ?Encode@CD3DXCodec_A8L8@@UAEXIIPAUD3DXCOLOR@@@Z 23013d4e f   d3dx8:cd3dxcodec.obj
 0001:00012e1e       ?Encode@CD3DXCodec_A4L4@@UAEXIIPAUD3DXCOLOR@@@Z 23013e1e f   d3dx8:cd3dxcodec.obj
 0001:00012ee6       ?Encode@CD3DXCodec_V8U8@@UAEXIIPAUD3DXCOLOR@@@Z 23013ee6 f   d3dx8:cd3dxcodec.obj
 0001:00012f96       ?Encode@CD3DXCodec_L6V5U5@@UAEXIIPAUD3DXCOLOR@@@Z 23013f96 f   d3dx8:cd3dxcodec.obj
 0001:00013075       ?Encode@CD3DXCodec_X8L8V8U8@@UAEXIIPAUD3DXCOLOR@@@Z 23014075 f   d3dx8:cd3dxcodec.obj
 0001:0001315c       ?Encode@CD3DXCodec_Q8W8V8U8@@UAEXIIPAUD3DXCOLOR@@@Z 2301415c f   d3dx8:cd3dxcodec.obj
 0001:0001326d       ?Encode@CD3DXCodec_V16U16@@UAEXIIPAUD3DXCOLOR@@@Z 2301426d f   d3dx8:cd3dxcodec.obj
 0001:0001331e       ?Encode@CD3DXCodec_W11V11U10@@UAEXIIPAUD3DXCOLOR@@@Z 2301431e f   d3dx8:cd3dxcodec.obj
 0001:0001340a       ?Decode@CD3DXCodec_R8G8B8@@UAEXIIPAUD3DXCOLOR@@@Z 2301440a f   d3dx8:cd3dxcodec.obj
 0001:00013496       ?Decode@CD3DXCodec_A8R8G8B8@@UAEXIIPAUD3DXCOLOR@@@Z 23014496 f   d3dx8:cd3dxcodec.obj
 0001:00013538       ?Decode@CD3DXCodec_X8R8G8B8@@UAEXIIPAUD3DXCOLOR@@@Z 23014538 f   d3dx8:cd3dxcodec.obj
 0001:000135d0       ?Decode@CD3DXCodec_R5G6B5@@UAEXIIPAUD3DXCOLOR@@@Z 230145d0 f   d3dx8:cd3dxcodec.obj
 0001:00013675       ?Decode@CD3DXCodec_X1R5G5B5@@UAEXIIPAUD3DXCOLOR@@@Z 23014675 f   d3dx8:cd3dxcodec.obj
 0001:00013717       ?Decode@CD3DXCodec_A1R5G5B5@@UAEXIIPAUD3DXCOLOR@@@Z 23014717 f   d3dx8:cd3dxcodec.obj
 0001:000137c7       ?Decode@CD3DXCodec_A4R4G4B4@@UAEXIIPAUD3DXCOLOR@@@Z 230147c7 f   d3dx8:cd3dxcodec.obj
 0001:00013876       ?Decode@CD3DXCodec_R3G3B2@@UAEXIIPAUD3DXCOLOR@@@Z 23014876 f   d3dx8:cd3dxcodec.obj
 0001:00013918       ?Decode@CD3DXCodec_A8@@UAEXIIPAUD3DXCOLOR@@@Z 23014918 f   d3dx8:cd3dxcodec.obj
 0001:0001398a       ?Decode@CD3DXCodec_A8R3G3B2@@UAEXIIPAUD3DXCOLOR@@@Z 2301498a f   d3dx8:cd3dxcodec.obj
 0001:00013a3c       ?Decode@CD3DXCodec_X4R4G4B4@@UAEXIIPAUD3DXCOLOR@@@Z 23014a3c f   d3dx8:cd3dxcodec.obj
 0001:00013adb       ?Decode@CD3DXCodec_A8P8@@UAEXIIPAUD3DXCOLOR@@@Z 23014adb f   d3dx8:cd3dxcodec.obj
 0001:00013b62       ?Decode@CD3DXCodec_P8@@UAEXIIPAUD3DXCOLOR@@@Z 23014b62 f   d3dx8:cd3dxcodec.obj
 0001:00013bc6       ?Decode@CD3DXCodec_L8@@UAEXIIPAUD3DXCOLOR@@@Z 23014bc6 f   d3dx8:cd3dxcodec.obj
 0001:00013c34       ?Decode@CD3DXCodec_A8L8@@UAEXIIPAUD3DXCOLOR@@@Z 23014c34 f   d3dx8:cd3dxcodec.obj
 0001:00013cbd       ?Decode@CD3DXCodec_A4L4@@UAEXIIPAUD3DXCOLOR@@@Z 23014cbd f   d3dx8:cd3dxcodec.obj
 0001:00013d46       ??0CD3DXCodecYUV@@QAE@PAUD3DX_BLT@@@Z 23014d46 f   d3dx8:cd3dxcodec.obj
 0001:00013e17       ?Commit@CD3DXCodecYUV@@QAEJXZ 23014e17 f   d3dx8:cd3dxcodec.obj
 0001:0001400a       ?Fetch@CD3DXCodecYUV@@QAEJIIH@Z 2301500a f   d3dx8:cd3dxcodec.obj
 0001:000142db       ?Encode@CD3DXCodecYUV@@UAEXIIPAUD3DXCOLOR@@@Z 230152db f   d3dx8:cd3dxcodec.obj
 0001:00014353       ?Decode@CD3DXCodecYUV@@UAEXIIPAUD3DXCOLOR@@@Z 23015353 f   d3dx8:cd3dxcodec.obj
 0001:000143c2       ??0CD3DXCodecDXT@@QAE@PAUD3DX_BLT@@@Z 230153c2 f   d3dx8:cd3dxcodec.obj
 0001:000144d9       ?Commit@CD3DXCodecDXT@@QAEJXZ 230154d9 f   d3dx8:cd3dxcodec.obj
 0001:00014806       ?Fetch@CD3DXCodecDXT@@QAEJIIH@Z 23015806 f   d3dx8:cd3dxcodec.obj
 0001:00014aad       ??0CD3DXCodec_R8G8B8@@QAE@PAUD3DX_BLT@@@Z 23015aad f i d3dx8:cd3dxcodec.obj
 0001:00014ac9       ??_GCD3DXCodec_R8G8B8@@UAEPAXI@Z 23015ac9 f i d3dx8:cd3dxcodec.obj
 0001:00014ac9       ??_ECD3DXCodec_R8G8B8@@UAEPAXI@Z 23015ac9 f i d3dx8:cd3dxcodec.obj
 0001:00014ae5       ??1CD3DXCodec_R8G8B8@@UAE@XZ 23015ae5 f i d3dx8:cd3dxcodec.obj
 0001:00014aea       ?Encode@CD3DXCodecDXT@@UAEXIIPAUD3DXCOLOR@@@Z 23015aea f   d3dx8:cd3dxcodec.obj
 0001:00014b70       ??0CD3DXCodec_A8R8G8B8@@QAE@PAUD3DX_BLT@@@Z 23015b70 f i d3dx8:cd3dxcodec.obj
 0001:00014b8c       ??_GCD3DXCodec_A8R8G8B8@@UAEPAXI@Z 23015b8c f i d3dx8:cd3dxcodec.obj
 0001:00014b8c       ??_ECD3DXCodec_A8R8G8B8@@UAEPAXI@Z 23015b8c f i d3dx8:cd3dxcodec.obj
 0001:00014ba8       ??1CD3DXCodec_A8R8G8B8@@UAE@XZ 23015ba8 f i d3dx8:cd3dxcodec.obj
 0001:00014bad       ?Decode@CD3DXCodecDXT@@UAEXIIPAUD3DXCOLOR@@@Z 23015bad f   d3dx8:cd3dxcodec.obj
 0001:00014c21       ??0CD3DXCodec_X8R8G8B8@@QAE@PAUD3DX_BLT@@@Z 23015c21 f i d3dx8:cd3dxcodec.obj
 0001:00014c3d       ??_GCD3DXCodec_X8R8G8B8@@UAEPAXI@Z 23015c3d f i d3dx8:cd3dxcodec.obj
 0001:00014c3d       ??_ECD3DXCodec_X8R8G8B8@@UAEPAXI@Z 23015c3d f i d3dx8:cd3dxcodec.obj
 0001:00014c59       ??1CD3DXCodec_X8R8G8B8@@UAE@XZ 23015c59 f i d3dx8:cd3dxcodec.obj
 0001:00014c5e       ??0CD3DXCodec_R5G6B5@@QAE@PAUD3DX_BLT@@@Z 23015c5e f i d3dx8:cd3dxcodec.obj
 0001:00014c7a       ??_ECD3DXCodec_R5G6B5@@UAEPAXI@Z 23015c7a f i d3dx8:cd3dxcodec.obj
 0001:00014c7a       ??_GCD3DXCodec_R5G6B5@@UAEPAXI@Z 23015c7a f i d3dx8:cd3dxcodec.obj
 0001:00014c96       ??1CD3DXCodec_R5G6B5@@UAE@XZ 23015c96 f i d3dx8:cd3dxcodec.obj
 0001:00014c9b       ??0CD3DXCodec_X1R5G5B5@@QAE@PAUD3DX_BLT@@@Z 23015c9b f i d3dx8:cd3dxcodec.obj
 0001:00014cb7       ??_ECD3DXCodec_X1R5G5B5@@UAEPAXI@Z 23015cb7 f i d3dx8:cd3dxcodec.obj
 0001:00014cb7       ??_GCD3DXCodec_X1R5G5B5@@UAEPAXI@Z 23015cb7 f i d3dx8:cd3dxcodec.obj
 0001:00014cd3       ??1CD3DXCodec_X1R5G5B5@@UAE@XZ 23015cd3 f i d3dx8:cd3dxcodec.obj
 0001:00014cd8       ??0CD3DXCodec_A1R5G5B5@@QAE@PAUD3DX_BLT@@@Z 23015cd8 f i d3dx8:cd3dxcodec.obj
 0001:00014cf4       ??_GCD3DXCodec_A1R5G5B5@@UAEPAXI@Z 23015cf4 f i d3dx8:cd3dxcodec.obj
 0001:00014cf4       ??_ECD3DXCodec_A1R5G5B5@@UAEPAXI@Z 23015cf4 f i d3dx8:cd3dxcodec.obj
 0001:00014d10       ??1CD3DXCodec_A1R5G5B5@@UAE@XZ 23015d10 f i d3dx8:cd3dxcodec.obj
 0001:00014d15       ??0CD3DXCodec_A4R4G4B4@@QAE@PAUD3DX_BLT@@@Z 23015d15 f i d3dx8:cd3dxcodec.obj
 0001:00014d31       ??_GCD3DXCodec_A4R4G4B4@@UAEPAXI@Z 23015d31 f i d3dx8:cd3dxcodec.obj
 0001:00014d31       ??_ECD3DXCodec_A4R4G4B4@@UAEPAXI@Z 23015d31 f i d3dx8:cd3dxcodec.obj
 0001:00014d4d       ??1CD3DXCodec_A4R4G4B4@@UAE@XZ 23015d4d f i d3dx8:cd3dxcodec.obj
 0001:00014d52       ??0CD3DXCodec_R3G3B2@@QAE@PAUD3DX_BLT@@@Z 23015d52 f i d3dx8:cd3dxcodec.obj
 0001:00014d6e       ??_GCD3DXCodec_R3G3B2@@UAEPAXI@Z 23015d6e f i d3dx8:cd3dxcodec.obj
 0001:00014d6e       ??_ECD3DXCodec_R3G3B2@@UAEPAXI@Z 23015d6e f i d3dx8:cd3dxcodec.obj
 0001:00014d8a       ??1CD3DXCodec_R3G3B2@@UAE@XZ 23015d8a f i d3dx8:cd3dxcodec.obj
 0001:00014d8f       ??0CD3DXCodec_A8@@QAE@PAUD3DX_BLT@@@Z 23015d8f f i d3dx8:cd3dxcodec.obj
 0001:00014dab       ??_ECD3DXCodec_A8@@UAEPAXI@Z 23015dab f i d3dx8:cd3dxcodec.obj
 0001:00014dab       ??_GCD3DXCodec_A8@@UAEPAXI@Z 23015dab f i d3dx8:cd3dxcodec.obj
 0001:00014dc7       ??1CD3DXCodec_A8@@UAE@XZ   23015dc7 f i d3dx8:cd3dxcodec.obj
 0001:00014dcc       ??0CD3DXCodec_A8R3G3B2@@QAE@PAUD3DX_BLT@@@Z 23015dcc f i d3dx8:cd3dxcodec.obj
 0001:00014de8       ??_ECD3DXCodec_A8R3G3B2@@UAEPAXI@Z 23015de8 f i d3dx8:cd3dxcodec.obj
 0001:00014de8       ??_GCD3DXCodec_A8R3G3B2@@UAEPAXI@Z 23015de8 f i d3dx8:cd3dxcodec.obj
 0001:00014e04       ??1CD3DXCodec_A8R3G3B2@@UAE@XZ 23015e04 f i d3dx8:cd3dxcodec.obj
 0001:00014e09       ??0CD3DXCodec_X4R4G4B4@@QAE@PAUD3DX_BLT@@@Z 23015e09 f i d3dx8:cd3dxcodec.obj
 0001:00014e25       ??_ECD3DXCodec_X4R4G4B4@@UAEPAXI@Z 23015e25 f i d3dx8:cd3dxcodec.obj
 0001:00014e25       ??_GCD3DXCodec_X4R4G4B4@@UAEPAXI@Z 23015e25 f i d3dx8:cd3dxcodec.obj
 0001:00014e41       ??1CD3DXCodec_X4R4G4B4@@UAE@XZ 23015e41 f i d3dx8:cd3dxcodec.obj
 0001:00014e46       ??0CD3DXCodec_A8P8@@QAE@PAUD3DX_BLT@@@Z 23015e46 f i d3dx8:cd3dxcodec.obj
 0001:00014e62       ??_ECD3DXCodec_A8P8@@UAEPAXI@Z 23015e62 f i d3dx8:cd3dxcodec.obj
 0001:00014e62       ??_GCD3DXCodec_A8P8@@UAEPAXI@Z 23015e62 f i d3dx8:cd3dxcodec.obj
 0001:00014e7e       ??1CD3DXCodec_A8P8@@UAE@XZ 23015e7e f i d3dx8:cd3dxcodec.obj
 0001:00014e83       ??0CD3DXCodec_P8@@QAE@PAUD3DX_BLT@@@Z 23015e83 f i d3dx8:cd3dxcodec.obj
 0001:00014e9f       ??_ECD3DXCodec_P8@@UAEPAXI@Z 23015e9f f i d3dx8:cd3dxcodec.obj
 0001:00014e9f       ??_GCD3DXCodec_P8@@UAEPAXI@Z 23015e9f f i d3dx8:cd3dxcodec.obj
 0001:00014ebb       ??1CD3DXCodec_P8@@UAE@XZ   23015ebb f i d3dx8:cd3dxcodec.obj
 0001:00014ec0       ??0CD3DXCodec_L8@@QAE@PAUD3DX_BLT@@@Z 23015ec0 f i d3dx8:cd3dxcodec.obj
 0001:00014edc       ??_ECD3DXCodec_L8@@UAEPAXI@Z 23015edc f i d3dx8:cd3dxcodec.obj
 0001:00014edc       ??_GCD3DXCodec_L8@@UAEPAXI@Z 23015edc f i d3dx8:cd3dxcodec.obj
 0001:00014ef8       ??1CD3DXCodec_L8@@UAE@XZ   23015ef8 f i d3dx8:cd3dxcodec.obj
 0001:00014efd       ??0CD3DXCodec_A8L8@@QAE@PAUD3DX_BLT@@@Z 23015efd f i d3dx8:cd3dxcodec.obj
 0001:00014f19       ??_GCD3DXCodec_A8L8@@UAEPAXI@Z 23015f19 f i d3dx8:cd3dxcodec.obj
 0001:00014f19       ??_ECD3DXCodec_A8L8@@UAEPAXI@Z 23015f19 f i d3dx8:cd3dxcodec.obj
 0001:00014f35       ??1CD3DXCodec_A8L8@@UAE@XZ 23015f35 f i d3dx8:cd3dxcodec.obj
 0001:00014f3a       ??0CD3DXCodec_A4L4@@QAE@PAUD3DX_BLT@@@Z 23015f3a f i d3dx8:cd3dxcodec.obj
 0001:00014f56       ??_ECD3DXCodec_A4L4@@UAEPAXI@Z 23015f56 f i d3dx8:cd3dxcodec.obj
 0001:00014f56       ??_GCD3DXCodec_A4L4@@UAEPAXI@Z 23015f56 f i d3dx8:cd3dxcodec.obj
 0001:00014f72       ??1CD3DXCodec_A4L4@@UAE@XZ 23015f72 f i d3dx8:cd3dxcodec.obj
 0001:00014f77       ??0CD3DXCodec_V8U8@@QAE@PAUD3DX_BLT@@@Z 23015f77 f i d3dx8:cd3dxcodec.obj
 0001:00014f93       ??_ECD3DXCodec_V8U8@@UAEPAXI@Z 23015f93 f i d3dx8:cd3dxcodec.obj
 0001:00014f93       ??_GCD3DXCodec_V8U8@@UAEPAXI@Z 23015f93 f i d3dx8:cd3dxcodec.obj
 0001:00014faf       ??1CD3DXCodec_V8U8@@UAE@XZ 23015faf f i d3dx8:cd3dxcodec.obj
 0001:00014fb4       ??0CD3DXCodec_L6V5U5@@QAE@PAUD3DX_BLT@@@Z 23015fb4 f i d3dx8:cd3dxcodec.obj
 0001:00014fd0       ??_GCD3DXCodec_L6V5U5@@UAEPAXI@Z 23015fd0 f i d3dx8:cd3dxcodec.obj
 0001:00014fd0       ??_ECD3DXCodec_L6V5U5@@UAEPAXI@Z 23015fd0 f i d3dx8:cd3dxcodec.obj
 0001:00014fec       ??1CD3DXCodec_L6V5U5@@UAE@XZ 23015fec f i d3dx8:cd3dxcodec.obj
 0001:00014ff1       ??0CD3DXCodec_X8L8V8U8@@QAE@PAUD3DX_BLT@@@Z 23015ff1 f i d3dx8:cd3dxcodec.obj
 0001:0001500d       ??_GCD3DXCodec_X8L8V8U8@@UAEPAXI@Z 2301600d f i d3dx8:cd3dxcodec.obj
 0001:0001500d       ??_ECD3DXCodec_X8L8V8U8@@UAEPAXI@Z 2301600d f i d3dx8:cd3dxcodec.obj
 0001:00015029       ??1CD3DXCodec_X8L8V8U8@@UAE@XZ 23016029 f i d3dx8:cd3dxcodec.obj
 0001:0001502e       ??0CD3DXCodec_Q8W8V8U8@@QAE@PAUD3DX_BLT@@@Z 2301602e f i d3dx8:cd3dxcodec.obj
 0001:0001504a       ??_GCD3DXCodec_Q8W8V8U8@@UAEPAXI@Z 2301604a f i d3dx8:cd3dxcodec.obj
 0001:0001504a       ??_ECD3DXCodec_Q8W8V8U8@@UAEPAXI@Z 2301604a f i d3dx8:cd3dxcodec.obj
 0001:00015066       ??1CD3DXCodec_Q8W8V8U8@@UAE@XZ 23016066 f i d3dx8:cd3dxcodec.obj
 0001:0001506b       ??0CD3DXCodec_V16U16@@QAE@PAUD3DX_BLT@@@Z 2301606b f i d3dx8:cd3dxcodec.obj
 0001:00015087       ??_GCD3DXCodec_V16U16@@UAEPAXI@Z 23016087 f i d3dx8:cd3dxcodec.obj
 0001:00015087       ??_ECD3DXCodec_V16U16@@UAEPAXI@Z 23016087 f i d3dx8:cd3dxcodec.obj
 0001:000150a3       ??1CD3DXCodec_V16U16@@UAE@XZ 230160a3 f i d3dx8:cd3dxcodec.obj
 0001:000150a8       ??0CD3DXCodec_W11V11U10@@QAE@PAUD3DX_BLT@@@Z 230160a8 f i d3dx8:cd3dxcodec.obj
 0001:000150c4       ??_ECD3DXCodec_W11V11U10@@UAEPAXI@Z 230160c4 f i d3dx8:cd3dxcodec.obj
 0001:000150c4       ??_GCD3DXCodec_W11V11U10@@UAEPAXI@Z 230160c4 f i d3dx8:cd3dxcodec.obj
 0001:000150e0       ??1CD3DXCodec_W11V11U10@@UAE@XZ 230160e0 f i d3dx8:cd3dxcodec.obj
 0001:000150e5       ??1CD3DXCodecYUV@@UAE@XZ   230160e5 f   d3dx8:cd3dxcodec.obj
 0001:0001512a       ??1CD3DXCodecDXT@@UAE@XZ   2301612a f   d3dx8:cd3dxcodec.obj
 0001:0001517e       ??0CD3DXCodec_UYVY@@QAE@PAUD3DX_BLT@@@Z 2301617e f i d3dx8:cd3dxcodec.obj
 0001:00015196       ??0CD3DXCodec_YUY2@@QAE@PAUD3DX_BLT@@@Z 23016196 f i d3dx8:cd3dxcodec.obj
 0001:000151ae       ??0CD3DXCodec_DXT1@@QAE@PAUD3DX_BLT@@@Z 230161ae f i d3dx8:cd3dxcodec.obj
 0001:000151c6       ??0CD3DXCodec_DXT2@@QAE@PAUD3DX_BLT@@@Z 230161c6 f i d3dx8:cd3dxcodec.obj
 0001:000151de       ??0CD3DXCodec_DXT3@@QAE@PAUD3DX_BLT@@@Z 230161de f i d3dx8:cd3dxcodec.obj
 0001:000151f6       ??0CD3DXCodec_DXT4@@QAE@PAUD3DX_BLT@@@Z 230161f6 f i d3dx8:cd3dxcodec.obj
 0001:0001520e       ??0CD3DXCodec_DXT5@@QAE@PAUD3DX_BLT@@@Z 2301620e f i d3dx8:cd3dxcodec.obj
 0001:00015226       ?Create@CD3DXCodec@@SAPAV1@PAUD3DX_BLT@@@Z 23016226 f   d3dx8:cd3dxcodec.obj
 0001:00015836       ??_GCD3DXCodecYUV@@UAEPAXI@Z 23016836 f i d3dx8:cd3dxcodec.obj
 0001:00015836       ??_ECD3DXCodecYUV@@UAEPAXI@Z 23016836 f i d3dx8:cd3dxcodec.obj
 0001:00015852       ??_ECD3DXCodecDXT@@UAEPAXI@Z 23016852 f i d3dx8:cd3dxcodec.obj
 0001:00015852       ??_GCD3DXCodecDXT@@UAEPAXI@Z 23016852 f i d3dx8:cd3dxcodec.obj
 0001:0001586e       ??_GCD3DXCodec_UYVY@@UAEPAXI@Z 2301686e f i d3dx8:cd3dxcodec.obj
 0001:0001586e       ??_ECD3DXCodec_UYVY@@UAEPAXI@Z 2301686e f i d3dx8:cd3dxcodec.obj
 0001:0001588a       ??1CD3DXCodec_UYVY@@UAE@XZ 2301688a f i d3dx8:cd3dxcodec.obj
 0001:0001588f       ??_ECD3DXCodec_YUY2@@UAEPAXI@Z 2301688f f i d3dx8:cd3dxcodec.obj
 0001:0001588f       ??_GCD3DXCodec_YUY2@@UAEPAXI@Z 2301688f f i d3dx8:cd3dxcodec.obj
 0001:000158ab       ??1CD3DXCodec_YUY2@@UAE@XZ 230168ab f i d3dx8:cd3dxcodec.obj
 0001:000158b0       ??_ECD3DXCodec_DXT1@@UAEPAXI@Z 230168b0 f i d3dx8:cd3dxcodec.obj
 0001:000158b0       ??_GCD3DXCodec_DXT1@@UAEPAXI@Z 230168b0 f i d3dx8:cd3dxcodec.obj
 0001:000158cc       ??1CD3DXCodec_DXT1@@UAE@XZ 230168cc f i d3dx8:cd3dxcodec.obj
 0001:000158d1       ??_ECD3DXCodec_DXT2@@UAEPAXI@Z 230168d1 f i d3dx8:cd3dxcodec.obj
 0001:000158d1       ??_GCD3DXCodec_DXT2@@UAEPAXI@Z 230168d1 f i d3dx8:cd3dxcodec.obj
 0001:000158ed       ??1CD3DXCodec_DXT2@@UAE@XZ 230168ed f i d3dx8:cd3dxcodec.obj
 0001:000158f2       ??_ECD3DXCodec_DXT3@@UAEPAXI@Z 230168f2 f i d3dx8:cd3dxcodec.obj
 0001:000158f2       ??_GCD3DXCodec_DXT3@@UAEPAXI@Z 230168f2 f i d3dx8:cd3dxcodec.obj
 0001:0001590e       ??1CD3DXCodec_DXT3@@UAE@XZ 2301690e f i d3dx8:cd3dxcodec.obj
 0001:00015913       ??_GCD3DXCodec_DXT4@@UAEPAXI@Z 23016913 f i d3dx8:cd3dxcodec.obj
 0001:00015913       ??_ECD3DXCodec_DXT4@@UAEPAXI@Z 23016913 f i d3dx8:cd3dxcodec.obj
 0001:0001592f       ??1CD3DXCodec_DXT4@@UAE@XZ 2301692f f i d3dx8:cd3dxcodec.obj
 0001:00015934       ??_ECD3DXCodec_DXT5@@UAEPAXI@Z 23016934 f i d3dx8:cd3dxcodec.obj
 0001:00015934       ??_GCD3DXCodec_DXT5@@UAEPAXI@Z 23016934 f i d3dx8:cd3dxcodec.obj
 0001:00015950       ??1CD3DXCodec_DXT5@@UAE@XZ 23016950 f i d3dx8:cd3dxcodec.obj
 0001:00015955       _jpeg_CreateDecompress     23016955 f   d3dx8:jdapimin.obj
 0001:00015a15       _jpeg_destroy_decompress   23016a15 f   d3dx8:jdapimin.obj
 0001:00015a1a       _jpeg_abort_decompress     23016a1a f   d3dx8:jdapimin.obj
 0001:00015a1f       _jpeg_set_marker_processor 23016a1f f   d3dx8:jdapimin.obj
 0001:00015bfb       _jpeg_consume_input        23016bfb f   d3dx8:jdapimin.obj
 0001:00015c95       _jpeg_input_complete       23016c95 f   d3dx8:jdapimin.obj
 0001:00015ccd       _jpeg_has_multiple_scans   23016ccd f   d3dx8:jdapimin.obj
 0001:00015d05       _jpeg_finish_decompress    23016d05 f   d3dx8:jdapimin.obj
 0001:00015da6       _jpeg_read_header          23016da6 f   d3dx8:jdapimin.obj
 0001:00015ead       _jpeg_read_scanlines       23016ead f   d3dx8:jdapistd.obj
 0001:00015f31       _jpeg_read_raw_data        23016f31 f   d3dx8:jdapistd.obj
 0001:00015fd0       _jpeg_start_output         23016fd0 f   d3dx8:jdapistd.obj
 0001:0001602a       _jpeg_finish_output        2301702a f   d3dx8:jdapistd.obj
 0001:000160a7       _jpeg_start_decompress     230170a7 f   d3dx8:jdapistd.obj
 0001:00017721       _jpeg_resync_to_restart    23018721 f   d3dx8:jdmarker.obj
 0001:0001783a       ?jinit_marker_reader@D3DX@@YAXPAUjpeg_decompress_struct@1@@Z 2301883a f   d3dx8:jdmarker.obj
 0001:000179c8       _jpeg_std_error            230189c8 f   d3dx8:jerror.obj
 0001:00017aa7       _png_set_error_fn          23018aa7 f   d3dx8:pngerror.obj
 0001:00017ac1       _png_get_error_ptr         23018ac1 f   d3dx8:pngerror.obj
 0001:00017ac9       _png_error                 23018ac9 f   d3dx8:pngerror.obj
 0001:00017aec       _png_warning               23018aec f   d3dx8:pngerror.obj
 0001:00017b01       _png_chunk_error           23018b01 f   d3dx8:pngerror.obj
 0001:00017b26       _png_chunk_warning         23018b26 f   d3dx8:pngerror.obj
 0001:00017b4b       _png_create_read_struct    23018b4b f   d3dx8:pngread.obj
 0001:00017c4e       _png_read_init             23018c4e f   d3dx8:pngread.obj
 0001:00017d0e       _png_read_info             23018d0e f   d3dx8:pngread.obj
 0001:00017e82       _png_read_update_info      23018e82 f   d3dx8:pngread.obj
 0001:00017ea2       _png_start_read_image      23018ea2 f   d3dx8:pngread.obj
 0001:00017eb4       _png_read_row              23018eb4 f   d3dx8:pngread.obj
 0001:0001825c       _png_read_rows             2301925c f   d3dx8:pngread.obj
 0001:000182d6       _png_read_image            230192d6 f   d3dx8:pngread.obj
 0001:00018323       _png_read_end              23019323 f   d3dx8:pngread.obj
 0001:00018423       _png_read_destroy          23019423 f   d3dx8:pngread.obj
 0001:00018546       _png_set_read_status_fn    23019546 f   d3dx8:pngread.obj
 0001:00018555       _png_destroy_read_struct   23019555 f   d3dx8:pngread.obj
 0001:000185d6       _png_get_valid             230195d6 f   d3dx8:pngget.obj
 0001:000185f0       _png_get_rowbytes          230195f0 f   d3dx8:pngget.obj
 0001:00018606       _png_get_channels          23019606 f   d3dx8:pngget.obj
 0001:0001861c       _png_get_signature         2301961c f   d3dx8:pngget.obj
 0001:00018632       _png_get_gAMA              23019632 f   d3dx8:pngget.obj
 0001:0001865b       _png_get_sRGB              2301965b f   d3dx8:pngget.obj
 0001:00018686       _png_get_IHDR              23019686 f   d3dx8:pngget.obj
 0001:00018757       _png_get_PLTE              23019757 f   d3dx8:pngget.obj
 0001:0001878a       _png_get_tRNS              2301978a f   d3dx8:pngget.obj
 0001:000187f1       _png_set_bgr               230197f1 f   d3dx8:pngtrans.obj
 0001:000187fa       _png_set_packing           230197fa f   d3dx8:pngtrans.obj
 0001:00018813       _png_set_shift             23019813 f   d3dx8:pngtrans.obj
 0001:0001882c       _png_set_interlace_handling 2301982c f   d3dx8:pngtrans.obj
 0001:00018845       _png_set_filler            23019845 f   d3dx8:pngtrans.obj
 0001:00018892       _png_do_bgr                23019892 f   d3dx8:pngtrans.obj
 0001:00018951       _png_set_crc_action        23019951 f   d3dx8:pngrtran.obj
 0001:000189d0       _png_set_strip_16          230199d0 f   d3dx8:pngrtran.obj
 0001:000189d9       _png_set_dither            230199d9 f   d3dx8:pngrtran.obj
 0001:0001902c       _png_set_gamma             2301a02c f   d3dx8:pngrtran.obj
 0001:00019062       _png_set_expand            2301a062 f   d3dx8:pngrtran.obj
 0001:0001906b       _png_set_palette_to_rgb    2301a06b f   d3dx8:pngrtran.obj
 0001:00019074       _png_set_gray_1_2_4_to_8   2301a074 f   d3dx8:pngrtran.obj
 0001:0001907d       _png_set_tRNS_to_alpha     2301a07d f   d3dx8:pngrtran.obj
 0001:00019086       _png_read_transform_info   2301a086 f   d3dx8:pngrtran.obj
 0001:00019171       _png_do_unpack             2301a171 f   d3dx8:pngrtran.obj
 0001:00019280       _png_do_unshift            2301a280 f   d3dx8:pngrtran.obj
 0001:000193fb       _png_do_chop               2301a3fb f   d3dx8:pngrtran.obj
 0001:0001943f       _png_do_read_filler        2301a43f f   d3dx8:pngrtran.obj
 0001:00019676       _png_build_grayscale_palette 2301a676 f   d3dx8:pngrtran.obj
 0001:000196d6       _png_do_gamma              2301a6d6 f   d3dx8:pngrtran.obj
 0001:00019a48       _png_do_expand_palette     2301aa48 f   d3dx8:pngrtran.obj
 0001:00019c4f       _png_do_expand             2301ac4f f   d3dx8:pngrtran.obj
 0001:00019fa2       _png_do_dither             2301afa2 f   d3dx8:pngrtran.obj
 0001:0001a0af       _png_build_gamma_table     2301b0af f   d3dx8:pngrtran.obj
 0001:0001a3ae       _png_init_read_transformations 2301b3ae f   d3dx8:pngrtran.obj
 0001:0001a4c3       _png_do_read_transformations 2301b4c3 f   d3dx8:pngrtran.obj
 0001:0001a65f       _png_set_gAMA              2301b65f f   d3dx8:pngset.obj
 0001:0001a67a       _png_set_IHDR              2301b67a f   d3dx8:pngset.obj
 0001:0001a71c       _png_set_PLTE              2301b71c f   d3dx8:pngset.obj
 0001:0001a740       _png_set_sRGB              2301b740 f   d3dx8:pngset.obj
 0001:0001a75b       _png_set_sRGB_gAMA_and_cHRM 2301b75b f   d3dx8:pngset.obj
 0001:0001a794       _png_set_tRNS              2301b794 f   d3dx8:pngset.obj
 0001:0001a7db       _png_permit_empty_plte     2301b7db f   d3dx8:pngset.obj
 0001:0001a7ee       _png_read_data             2301b7ee f   d3dx8:pngrio.obj
 0001:0001a816       _png_set_read_fn           2301b816 f   d3dx8:pngrio.obj
 0001:0001a855       _png_get_header_version    2301b855 f   d3dx8:png.obj
 0001:0001a85b       _png_set_sig_bytes         2301b85b f   d3dx8:png.obj
 0001:0001a888       _png_sig_cmp               2301b888 f   d3dx8:png.obj
 0001:0001a8d0       _png_check_sig             2301b8d0 f   d3dx8:png.obj
 0001:0001a8e8       _png_zalloc                2301b8e8 f   d3dx8:png.obj
 0001:0001a93b       _png_zfree                 2301b93b f   d3dx8:png.obj
 0001:0001a940       _png_reset_crc             2301b940 f   d3dx8:png.obj
 0001:0001a958       _png_calculate_crc         2301b958 f   d3dx8:png.obj
 0001:0001a997       _png_info_init             2301b997 f   d3dx8:png.obj
 0001:0001a9a5       _png_info_destroy          2301b9a5 f   d3dx8:png.obj
 0001:0001a9b0       _png_get_io_ptr            2301b9b0 f   d3dx8:png.obj
 0001:0001a9b8       _png_get_copyright         2301b9b8 f   d3dx8:png.obj
 0001:0001a9be       ?png_check_version@D3DX@@YAXPAUpng_struct_def@1@@Z 2301b9be f   d3dx8:png.obj
 0001:0001a9bf       _png_create_info_struct    2301b9bf f   d3dx8:png.obj
 0001:0001a9e1       _png_destroy_info_struct   2301b9e1 f   d3dx8:png.obj
 0001:0001aa08       ?XXEncodeBlockRGB@@YAXQAUS3TC_COLOR@@PAUS3TCBlockRGB@@@Z 2301ba08 f   d3dx8:s3tchelp.obj
 0001:0001aa71       ?XXDecodeBlockRGB@@YAXPAUS3TCBlockRGB@@QAUS3TC_COLOR@@@Z 2301ba71 f   d3dx8:s3tchelp.obj
 0001:0001ae38       ?EncodeBlockRGBColorKey@@YAXQAUS3TC_COLOR@@PAUS3TCBlockRGB@@U1@2@Z 2301be38 f   d3dx8:s3tc.obj
 0001:0001b2cf       ?DecodeBlockRGB@@YAXPAUS3TCBlockRGB@@QAUS3TC_COLOR@@@Z 2301c2cf f   d3dx8:s3tc.obj
 0001:0001b3b8       ?DecodeBlockAlpha4@@YAXPAUS3TCBlockAlpha4@@QAUS3TC_COLOR@@@Z 2301c3b8 f   d3dx8:s3tc.obj
 0001:0001b406       ?DecodeBlockAlpha3@@YAXPAUS3TCBlockAlpha3@@QAUS3TC_COLOR@@@Z 2301c406 f   d3dx8:s3tc.obj
 0001:0001b506       ?EncodeBlockRGB@@YAXQAUS3TC_COLOR@@PAUS3TCBlockRGB@@@Z 2301c506 f   d3dx8:s3tc.obj
 0001:0001b538       ?EncodeBlockAlpha4@@YAXQAUS3TC_COLOR@@PAUS3TCBlockAlpha4@@@Z 2301c538 f   d3dx8:s3tc.obj
 0001:0001b591       ?EncodeBlockAlpha3@@YAXQAUS3TC_COLOR@@PAUS3TCBlockAlpha3@@@Z 2301c591 f   d3dx8:s3tc.obj
 0001:0001b6e7       ?jdiv_round_up@D3DX@@YAJJJ@Z 2301c6e7 f   d3dx8:jutils.obj
 0001:0001b6f7       ?jround_up@D3DX@@YAJJJ@Z   2301c6f7 f   d3dx8:jutils.obj
 0001:0001b70f       ?jcopy_sample_rows@D3DX@@YAXPAPAEH0HHI@Z 2301c70f f   d3dx8:jutils.obj
 0001:0001b756       ?jcopy_block_row@D3DX@@YAXPAY0EA@F0I@Z 2301c756 f   d3dx8:jutils.obj
 0001:0001b778       ?jzero_far@D3DX@@YAXPAXI@Z 2301c778 f   d3dx8:jutils.obj
 0001:0001b793       ?IsMMX@D3DX@@YAHXZ         2301c793 f   d3dx8:jutils.obj
 0001:0001bc9c       ?jinit_input_controller@D3DX@@YAXPAUjpeg_decompress_struct@1@@Z 2301cc9c f   d3dx8:jdinput.obj
 0001:0001c652       ?jinit_memory_mgr@D3DX@@YAXPAUjpeg_common_struct@1@@Z 2301d652 f   d3dx8:jmemmgr.obj
 0001:0001c706       _jpeg_abort                2301d706 f   d3dx8:jcomapi.obj
 0001:0001c728       _jpeg_destroy              2301d728 f   d3dx8:jcomapi.obj
 0001:0001c743       _jpeg_alloc_quant_table    2301d743 f   d3dx8:jcomapi.obj
 0001:0001c75f       _jpeg_alloc_huff_table     2301d75f f   d3dx8:jcomapi.obj
 0001:0001c7ec       _jpeg_calc_output_dimensions 2301d7ec f   d3dx8:jdmaster.obj
 0001:0001cd45       _jpeg_new_colormap         2301dd45 f   d3dx8:jdmaster.obj
 0001:0001cda8       ?jinit_master_decompress@D3DX@@YAXPAUjpeg_decompress_struct@1@@Z 2301dda8 f   d3dx8:jdmaster.obj
 0001:0001cdd8       _inflateReset              2301ddd8 f   d3dx8:inflate.obj
 0001:0001ce17       _inflateEnd                2301de17 f   d3dx8:inflate.obj
 0001:0001ce55       _inflateInit2_             2301de55 f   d3dx8:inflate.obj
 0001:0001cf3a       _inflateInit_              2301df3a f   d3dx8:inflate.obj
 0001:0001cf51       _inflate                   2301df51 f   d3dx8:inflate.obj
 0001:0001d2b2       _inflateSetDictionary      2301e2b2 f   d3dx8:inflate.obj
 0001:0001d32b       _inflateSync               2301e32b f   d3dx8:inflate.obj
 0001:0001d3d9       _inflateSyncPoint          2301e3d9 f   d3dx8:inflate.obj
 0001:0001d3fb       _png_create_struct         2301e3fb f   d3dx8:pngmem.obj
 0001:0001d43d       _png_destroy_struct        2301e43d f   d3dx8:pngmem.obj
 0001:0001d44a       _png_malloc                2301e44a f   d3dx8:pngmem.obj
 0001:0001d480       _png_free                  2301e480 f   d3dx8:pngmem.obj
 0001:0001d499       _png_memcpy_check          2301e499 f   d3dx8:pngmem.obj
 0001:0001d4bc       _png_memset_check          2301e4bc f   d3dx8:pngmem.obj
 0001:0001d4ef       _png_get_uint_32           2301e4ef f   d3dx8:pngrutil.obj
 0001:0001d512       _png_get_uint_16           2301e512 f   d3dx8:pngrutil.obj
 0001:0001d525       _png_crc_read              2301e525 f   d3dx8:pngrutil.obj
 0001:0001d549       _png_crc_error             2301e549 f   d3dx8:pngrutil.obj
 0001:0001d5a7       _png_check_chunk_name      2301e5a7 f   d3dx8:pngrutil.obj
 0001:0001d609       _png_combine_row           2301e609 f   d3dx8:pngrutil.obj
 0001:0001d81d       _png_do_read_interlace     2301e81d f   d3dx8:pngrutil.obj
 0001:0001dae6       _png_read_filter_row       2301eae6 f   d3dx8:pngrutil.obj
 0001:0001dc5f       _png_read_start_row        2301ec5f f   d3dx8:pngrutil.obj
 0001:0001ddfb       _png_crc_finish            2301edfb f   d3dx8:pngrutil.obj
 0001:0001de87       _png_handle_IHDR           2301ee87 f   d3dx8:pngrutil.obj
 0001:0001e07e       _png_handle_PLTE           2301f07e f   d3dx8:pngrutil.obj
 0001:0001e1a7       _png_handle_IEND           2301f1a7 f   d3dx8:pngrutil.obj
 0001:0001e1f1       _png_handle_gAMA           2301f1f1 f   d3dx8:pngrutil.obj
 0001:0001e2f1       _png_handle_sRGB           2301f2f1 f   d3dx8:pngrutil.obj
 0001:0001e3e0       _png_handle_tRNS           2301f3e0 f   d3dx8:pngrutil.obj
 0001:0001e579       _png_handle_unknown        2301f579 f   d3dx8:pngrutil.obj
 0001:0001e5c3       _png_read_finish_row       2301f5c3 f   d3dx8:pngrutil.obj
 0001:0001e7e8       _get_crc_table             2301f7e8 f   d3dx8:crc32.obj
 0001:0001e7ee       _crc32                     2301f7ee f   d3dx8:crc32.obj
 0001:0001e8f7       ?jpeg_get_small@D3DX@@YAPAXPAUjpeg_common_struct@1@I@Z 2301f8f7 f   d3dx8:jmemnobs.obj
 0001:0001e902       ?jpeg_free_small@D3DX@@YAXPAUjpeg_common_struct@1@PAXI@Z 2301f902 f   d3dx8:jmemnobs.obj
 0001:0001e90d       ?jpeg_get_large@D3DX@@YAPAXPAUjpeg_common_struct@1@I@Z 2301f90d f   d3dx8:jmemnobs.obj
 0001:0001e918       ?jpeg_free_large@D3DX@@YAXPAUjpeg_common_struct@1@PAXI@Z 2301f918 f   d3dx8:jmemnobs.obj
 0001:0001e923       ?jpeg_mem_available@D3DX@@YAJPAUjpeg_common_struct@1@JJJ@Z 2301f923 f   d3dx8:jmemnobs.obj
 0001:0001e928       ?jpeg_open_backing_store@D3DX@@YAXPAUjpeg_common_struct@1@PAUbacking_store_struct@1@J@Z 2301f928 f   d3dx8:jmemnobs.obj
 0001:0001e93c       ?jpeg_mem_init@D3DX@@YAJPAUjpeg_common_struct@1@@Z 2301f93c f   d3dx8:jmemnobs.obj
 0001:0001e93f       ?jpeg_mem_term@D3DX@@YAXPAUjpeg_common_struct@1@@Z 2301f93f f   d3dx8:jmemnobs.obj
 0001:0001ee7e       ?jinit_d_main_controller@D3DX@@YAXPAUjpeg_decompress_struct@1@E@Z 2301fe7e f   d3dx8:jdmainct.obj
 0001:0001fab8       ?jinit_d_coef_controller@D3DX@@YAXPAUjpeg_decompress_struct@1@E@Z 23020ab8 f   d3dx8:jdcoefct.obj
 0001:0001fbb0       ?jpeg_make_d_derived_tbl@D3DX@@YAXPAUjpeg_decompress_struct@1@PAUJHUFF_TBL@1@PAPAUd_derived_tbl@1@@Z 23020bb0 f   d3dx8:jdhuff.obj
 0001:0001fd53       ?jpeg_fill_bit_buffer@D3DX@@YAEPAUbitread_working_state@1@JHH@Z 23020d53 f   d3dx8:jdhuff.obj
 0001:0001fe3d       ?jpeg_huff_decode@D3DX@@YAHPAUbitread_working_state@1@JHPAUd_derived_tbl@1@H@Z 23020e3d f   d3dx8:jdhuff.obj
 0001:0002047d       ?jinit_huff_decoder@D3DX@@YAXPAUjpeg_decompress_struct@1@@Z 2302147d f   d3dx8:jdhuff.obj
 0001:0002102f       ?jinit_phuff_decoder@D3DX@@YAXPAUjpeg_decompress_struct@1@@Z 2302202f f   d3dx8:jdphuff.obj
 0001:00021247       ?jinit_inverse_dct@D3DX@@YAXPAUjpeg_decompress_struct@1@@Z 23022247 f   d3dx8:jddctmgr.obj
 0001:000214e2       ?jinit_d_post_controller@D3DX@@YAXPAUjpeg_decompress_struct@1@E@Z 230224e2 f   d3dx8:jdpostct.obj
 0001:000219a2       ?jinit_upsampler@D3DX@@YAXPAUjpeg_decompress_struct@1@@Z 230229a2 f   d3dx8:jdsample.obj
 0001:00021dd3       ?MYCbCr2RGB@D3DX@@YAXHPAE000@Z 23022dd3 f   d3dx8:jdcolor.obj
 0001:00021f10       ?MYCbCrA2RGBA@D3DX@@YAXHPAE0000@Z 23022f10 f   d3dx8:jdcolor.obj
 0001:00022044       ?MYCbCrA2RGBALegacy@D3DX@@YAXHPAE0000@Z 23023044 f   d3dx8:jdcolor.obj
 0001:000223a4       ?jinit_color_deconverter@D3DX@@YAXPAUjpeg_decompress_struct@1@@Z 230233a4 f   d3dx8:jdcolor.obj
 0001:0002299d       ?jinit_merged_upsampler@D3DX@@YAXPAUjpeg_decompress_struct@1@@Z 2302399d f   d3dx8:jdmerge.obj
 0001:00023926       ?jinit_2pass_quantizer@D3DX@@YAXPAUjpeg_decompress_struct@1@@Z 23024926 f   d3dx8:jquant2.obj
 0001:000243bf       ?jinit_1pass_quantizer@D3DX@@YAXPAUjpeg_decompress_struct@1@@Z 230253bf f   d3dx8:jquant1.obj
 0001:00024448       ?inflate_blocks_reset@D3DX@@YAXPAUinflate_blocks_state@1@PAUz_stream_s@1@PAK@Z 23025448 f   d3dx8:infblock.obj
 0001:000244b3       ?inflate_blocks_new@D3DX@@YAPAUinflate_blocks_state@1@PAUz_stream_s@1@P6AKKPBEI@ZI@Z 230254b3 f   d3dx8:infblock.obj
 0001:0002453e       ?inflate_blocks@D3DX@@YAHPAUinflate_blocks_state@1@PAUz_stream_s@1@H@Z 2302553e f   d3dx8:infblock.obj
 0001:00024e57       ?inflate_blocks_free@D3DX@@YAHPAUinflate_blocks_state@1@PAUz_stream_s@1@@Z 23025e57 f   d3dx8:infblock.obj
 0001:00024e8b       ?inflate_set_dictionary@D3DX@@YAXPAUinflate_blocks_state@1@PBEI@Z 23025e8b f   d3dx8:infblock.obj
 0001:00024ebc       ?inflate_blocks_sync_point@D3DX@@YAHPAUinflate_blocks_state@1@@Z 23025ebc f   d3dx8:infblock.obj
 0001:00024ec9       _adler32                   23025ec9 f   d3dx8:adler32.obj
 0001:00024fe2       _zlibVersion               23025fe2 f   d3dx8:zutil.obj
 0001:00024fe8       _zError                    23025fe8 f   d3dx8:zutil.obj
 0001:00024ff9       ?zcalloc@D3DX@@YAPAXPAXII@Z 23025ff9 f   d3dx8:zutil.obj
 0001:00025009       ?zcfree@D3DX@@YAXPAX0@Z    23026009 f   d3dx8:zutil.obj
 0001:00025014       ?jpeg_idct_4x4@D3DX@@YAXPAUjpeg_decompress_struct@1@PAUjpeg_component_info@1@PAFPAPAEI@Z 23026014 f   d3dx8:jidctred.obj
 0001:00025329       ?jpeg_idct_2x2@D3DX@@YAXPAUjpeg_decompress_struct@1@PAUjpeg_component_info@1@PAFPAPAEI@Z 23026329 f   d3dx8:jidctred.obj
 0001:000254e7       ?jpeg_idct_1x1@D3DX@@YAXPAUjpeg_decompress_struct@1@PAUjpeg_component_info@1@PAFPAPAEI@Z 230264e7 f   d3dx8:jidctred.obj
 0001:00025524       ?jpeg_idct_islow@D3DX@@YAXPAUjpeg_decompress_struct@1@PAUjpeg_component_info@1@PAFPAPAEI@Z 23026524 f   d3dx8:jidctint.obj
 0001:00025570       ?jpeg_idct_ifast@D3DX@@YAXPAUjpeg_decompress_struct@1@PAUjpeg_component_info@1@PAFPAPAEI@Z 23026570 f   d3dx8:jidctfst.obj
 0001:000255bc       ?jpeg_idct_float@D3DX@@YAXPAUjpeg_decompress_struct@1@PAUjpeg_component_info@1@PAFPAPAEI@Z 230265bc f   d3dx8:jidctflt.obj
 0001:0002599d       ?inflate_codes_new@D3DX@@YAPAUinflate_codes_state@1@IIPAUinflate_huft_s@1@0PAUz_stream_s@1@@Z 2302699d f   d3dx8:infcodes.obj
 0001:000259d1       ?inflate_codes@D3DX@@YAHPAUinflate_blocks_state@1@PAUz_stream_s@1@H@Z 230269d1 f   d3dx8:infcodes.obj
 0001:00025f27       ?inflate_codes_free@D3DX@@YAXPAUinflate_codes_state@1@PAUz_stream_s@1@@Z 23026f27 f   d3dx8:infcodes.obj
 0001:000262bd       ?inflate_trees_bits@D3DX@@YAHPAI0PAPAUinflate_huft_s@1@PAU21@PAUz_stream_s@1@@Z 230272bd f   d3dx8:inftrees.obj
 0001:0002633c       ?inflate_trees_dynamic@D3DX@@YAHIIPAI00PAPAUinflate_huft_s@1@1PAU21@PAUz_stream_s@1@@Z 2302733c f   d3dx8:inftrees.obj
 0001:0002643f       ?inflate_trees_fixed@D3DX@@YAHPAI0PAPAUinflate_huft_s@1@1PAUz_stream_s@1@@Z 2302743f f   d3dx8:inftrees.obj
 0001:0002646e       ?inflate_flush@D3DX@@YAHPAUinflate_blocks_state@1@PAUz_stream_s@1@H@Z 2302746e f   d3dx8:infutil.obj
 0001:00026583       ?pidct8x8llm@D3DX@@YAXPAF00PAPAEIPAE@Z 23027583 f   d3dx8:piint.obj
 0001:00026a70       ?midct8x8llm@D3DX@@YAXPAF00PAPAEIPAE@Z 23027a70 f   d3dx8:miint.obj
 0001:000271fb       ?pidct8x8aan@D3DX@@YAXPAF00PAPAEIPAE@Z 230281fb f   d3dx8:pifst.obj
 0001:000275a4       ?midct8x8aan@D3DX@@YAXPAF00PAPAEIPAE@Z 230285a4 f   d3dx8:mifst.obj
 0001:00028377       ?inflate_fast@D3DX@@YAHIIPAUinflate_huft_s@1@0PAUinflate_blocks_state@1@PAUz_stream_s@1@@Z 23029377 f   d3dx8:inffast.obj
 0001:00028621       ?DXGetErrorString8A@@YGPBDJ@Z 23029621 f   dxerr8:dxerr8.obj
 0001:00029e87       ?DXGetErrorString8W@@YGPBGJ@Z 2302ae87 f   dxerr8:dxerr8.obj
 0001:0002b6ed       ?DXTraceW@@YGJPADKJPAGH@Z  2302c6ed f   dxerr8:dxerr8.obj
 0001:0002b838       ?DXTraceA@@YGJPADKJ0H@Z    2302c838 f   dxerr8:dxerr8.obj
 0001:0002b982       @xmalloc@4                 2302c982 f   xcore:xcore.dll
 0001:0002b988       @xfree@4                   2302c988 f   xcore:xcore.dll
 0001:0002b98e       @xxx_fatal@4               2302c98e f   xcore:xcore.dll
 0001:0002b994       ?open@XFile@@QAEKPBD0@Z    2302c994 f   xcore:xcore.dll
 0001:0002b99a       ?destroy@XFile@@EAEKXZ     2302c99a f   xcore:xcore.dll
 0001:0002b9a0       ?pos_wr@XFile@@UAEXKK@Z    2302c9a0 f   xcore:xcore.dll
 0001:0002b9a6       ?pos_rd@XFile@@UAEXKK@Z    2302c9a6 f   xcore:xcore.dll
 0001:0002b9ac       ??6CBaseStream@@UAEAAV0@PBD@Z 2302c9ac f   xcore:xcore.dll
 0001:0002b9b2       ??6CBaseStream@@UAEAAV0@K@Z 2302c9b2 f   xcore:xcore.dll
 0001:0002b9b8       ??6CBaseStream@@UAEAAV0@D@Z 2302c9b8 f   xcore:xcore.dll
 0001:0002b9be       ?put@CBaseStream@@UAEKD@Z  2302c9be f   xcore:xcore.dll
 0001:0002b9c4       ?flush@CBaseStream@@UAEKXZ 2302c9c4 f   xcore:xcore.dll
 0001:0002b9ca       ?read@CBaseStream@@UAEKPAXKAAK@Z 2302c9ca f   xcore:xcore.dll
 0001:0002b9d0       ?read@CBaseStream@@UAEKPAXK@Z 2302c9d0 f   xcore:xcore.dll
 0001:0002b9d6       ?write@CBaseStream@@UAEKPBXKAAK@Z 2302c9d6 f   xcore:xcore.dll
 0001:0002b9dc       ?write@CBaseStream@@UAEKPBXK@Z 2302c9dc f   xcore:xcore.dll
 0001:0002b9e2       ?ioctl_write@CBaseStream@@UAEKKK@Z 2302c9e2 f   xcore:xcore.dll
 0001:0002b9e8       ?ioctl_read@CBaseStream@@UAEKKK@Z 2302c9e8 f   xcore:xcore.dll
 0001:0002b9ee       ?close@XFile@@UAEKXZ       2302c9ee f   xcore:xcore.dll
 0001:0002b9f4       ?seek_int@CBaseStream@@MAEJXZ 2302c9f4 f   xcore:xcore.dll
 0001:0002b9fa       ?base_init@XFile@@EAEXXZ   2302c9fa f   xcore:xcore.dll
 0001:0002ba00       ??0XFile@@QAE@XZ           2302ca00 f   xcore:xcore.dll
 0001:0002ba06       ??1XFile@@QAE@XZ           2302ca06 f   xcore:xcore.dll
 0001:0002ba0c       ?seek@XFile@@QAEKJK@Z      2302ca0c f   xcore:xcore.dll
 0001:0002ba12       @xxx_throw@4               2302ca12 f   xcore:xcore.dll
 0001:0002ba18       @xlist_new_node@8          2302ca18 f   xcore:xcore.dll
 0001:0002ba1e       ??4autochar@@QAEAAV0@PAD@Z 2302ca1e f   xcore:xcore.dll
 0001:0002ba24       ??0autochar@@QAE@XZ        2302ca24 f   xcore:xcore.dll
 0001:0002ba2a       ?assert@XGlobal@@QAEXPBDK@Z 2302ca2a f   xcore:xcore.dll
 0001:0002ba30       ??1autochar@@QAE@XZ        2302ca30 f   xcore:xcore.dll
 0001:0002ba36       ?get_ptr@autochar@@QAEPAXXZ 2302ca36 f   xcore:xcore.dll
 0001:0002ba3c       ??2MemGrow@@SAPAXI@Z       2302ca3c f   xcore:xcore.dll
 0001:0002ba42       ??0MemGrow@@QAE@K@Z        2302ca42 f   xcore:xcore.dll
 0001:0002ba48       ?detach_process@XDll@@UAEKPAX@Z 2302ca48 f   xcore:xcore.dll
 0001:0002ba4e       ?attach_process@XDll@@UAEKPAX@Z 2302ca4e f   xcore:xcore.dll
 0001:0002ba54       ??0XDll@@QAE@XZ            2302ca54 f   xcore:xcore.dll
 0001:0002ba5a       ?detach_thread@XDll@@QAEKPAX@Z 2302ca5a f   xcore:xcore.dll
 0001:0002ba60       ?attach_thread@XDll@@QAEKPAX@Z 2302ca60 f   xcore:xcore.dll
 0001:0002ba66       @xxx_bitch@4               2302ca66 f   xcore:xcore.dll
 0001:0002ba6c       ??3MemGrow@@SAXPAX@Z       2302ca6c f   xcore:xcore.dll
 0001:0002ba72       ??1MemGrow@@QAE@XZ         2302ca72 f   xcore:xcore.dll
 0001:0002ba78       @xlist_free_nodes@4        2302ca78 f   xcore:xcore.dll
 0001:0002ba7e       @fstrlen@4                 2302ca7e f   xcore:xcore.dll
 0001:0002ba84       ??BCStr@@QBEPADXZ          2302ca84 f   xcore:xcore.dll
 0001:0002ba8a       ??0CStr@@QAE@PBD@Z         2302ca8a f   xcore:xcore.dll
 0001:0002ba90       ??Bautochar@@QAEPADXZ      2302ca90 f   xcore:xcore.dll
 0001:0002ba96       @fget_filename@4           2302ca96 f   xcore:xcore.dll
 0001:0002ba9c       _xxx_printf                2302ca9c f   xcore:xcore.dll
 0001:0002baa2       @fget_extension@4          2302caa2 f   xcore:xcore.dll
 0001:0002baa8       ?get_data@XImage@@QAEPADXZ 2302caa8 f   ximage:ximage.dll
 0001:0002baae       ?get_bpp@XImage@@QAEKXZ    2302caae f   ximage:ximage.dll
 0001:0002bab4       ?get_height@XImage@@QAEKXZ 2302cab4 f   ximage:ximage.dll
 0001:0002baba       ?get_width@XImage@@QAEKXZ  2302caba f   ximage:ximage.dll
 0001:0002bac0       ??0XImage@@QAE@KKK@Z       2302cac0 f   ximage:ximage.dll
 0001:0002bac6       ??0ImgDevice@@QAE@XZ       2302cac6 f   ximage:ximage.dll
 0001:0002bacc       ?set_restrict@ImgDevice@@QAEXK@Z 2302cacc f   ximage:ximage.dll
 0001:0002bad2       ?set_support@ImgDevice@@QAEXK@Z 2302cad2 f   ximage:ximage.dll
 0001:0002bad8       ?get_format@XImage@@QAEKXZ 2302cad8 f   ximage:ximage.dll
 0001:0002bade       ?generate_mask@XImage@@QAEXK@Z 2302cade f   ximage:ximage.dll
 0001:0002bae4       _XLoadBMPDevice            2302cae4 f   ximage:ximage.dll
 0001:0002baea       _XLoadTGADevice            2302caea f   ximage:ximage.dll
 0001:0002baf0       ??1XImage@@QAE@XZ          2302caf0 f   ximage:ximage.dll
 0001:0002baf6       _MessageBoxW@16            2302caf6 f   user32:USER32.dll
 0001:0002bafc       _MessageBoxA@16            2302cafc f   user32:USER32.dll
 0001:0002bb02       _DeleteObject@4            2302cb02 f   gdi32:GDI32.dll
 0001:0002bb08       _GetLastError@0            2302cb08 f   kernel32:KERNEL32.dll
 0001:0002bb0e       _GetFileSize@8             2302cb0e f   kernel32:KERNEL32.dll
 0001:0002bb14       _MapViewOfFile@20          2302cb14 f   kernel32:KERNEL32.dll
 0001:0002bb1a       _CreateFileMappingA@24     2302cb1a f   kernel32:KERNEL32.dll
 0001:0002bb20       _CreateFileA@28            2302cb20 f   kernel32:KERNEL32.dll
 0001:0002bb26       _CreateFileW@28            2302cb26 f   kernel32:KERNEL32.dll
 0001:0002bb2c       _WideCharToMultiByte@32    2302cb2c f   kernel32:KERNEL32.dll
 0001:0002bb32       _GetVersionExA@4           2302cb32 f   kernel32:KERNEL32.dll
 0001:0002bb38       _CloseHandle@4             2302cb38 f   kernel32:KERNEL32.dll
 0001:0002bb3e       _UnmapViewOfFile@4         2302cb3e f   kernel32:KERNEL32.dll
 0001:0002bb44       _LockResource@4            2302cb44 f   kernel32:KERNEL32.dll
 0001:0002bb4a       _LoadResource@8            2302cb4a f   kernel32:KERNEL32.dll
 0001:0002bb50       _SizeofResource@8          2302cb50 f   kernel32:KERNEL32.dll
 0001:0002bb56       _FindResourceA@12          2302cb56 f   kernel32:KERNEL32.dll
 0001:0002bb5c       _FindResourceW@12          2302cb5c f   kernel32:KERNEL32.dll
 0001:0002bb62       _OutputDebugStringW@4      2302cb62 f   kernel32:KERNEL32.dll
 0001:0002bb68       _OutputDebugStringA@4      2302cb68 f   kernel32:KERNEL32.dll
 0001:0002bb6e       __CIacos                   2302cb6e f   msvcrt:MSVCRT.dll
 0001:0002bb74       __finite                   2302cb74 f   msvcrt:MSVCRT.dll
 0001:0002bb7a       _floor                     2302cb7a f   msvcrt:MSVCRT.dll
 0001:0002bb80       _longjmp                   2302cb80 f   msvcrt:MSVCRT.dll
 0001:0002bb86       __setjmp3                  2302cb86 f   msvcrt:MSVCRT.dll
 0001:0002bb8c       _isdigit                   2302cb8c f   msvcrt:MSVCRT.dll
 0001:0002bb92       _isspace                   2302cb92 f   msvcrt:MSVCRT.dll
 0001:0002bb98       __CIpow                    2302cb98 f   msvcrt:MSVCRT.dll
 0001:0002bba0       __chkstk                   2302cba0 f   msvcrt:chkstk.obj
 0001:0002bba0       __alloca_probe             2302cba0 f   msvcrt:chkstk.obj
 0001:0002bbd0       ___CxxFrameHandler         2302cbd0 f   msvcrt:MSVCRT.dll
 0001:0002bbd6       __EH_prolog                2302cbd6 f   msvcrt:MSVCRT.dll
 0001:0002bbdc       _exit                      2302cbdc f   msvcrt:MSVCRT.dll
 0001:0002bbe2       _sprintf                   2302cbe2 f   msvcrt:MSVCRT.dll
 0001:0002bbe8       _calloc                    2302cbe8 f   msvcrt:MSVCRT.dll
 0001:0002bbee       _wcslen                    2302cbee f   msvcrt:MSVCRT.dll
 0001:0002bbf4       _swprintf                  2302cbf4 f   msvcrt:MSVCRT.dll
 0002:00000000       __imp__DeleteObject@4      2302d000     gdi32:GDI32.dll
 0002:00000004       \177GDI32_NULL_THUNK_DATA  2302d004     gdi32:GDI32.dll
 0002:00000008       __imp__GetLastError@0      2302d008     kernel32:KERNEL32.dll
 0002:0000000c       __imp__MapViewOfFile@20    2302d00c     kernel32:KERNEL32.dll
 0002:00000010       __imp__CreateFileMappingA@24 2302d010     kernel32:KERNEL32.dll
 0002:00000014       __imp__CreateFileA@28      2302d014     kernel32:KERNEL32.dll
 0002:00000018       __imp__CreateFileW@28      2302d018     kernel32:KERNEL32.dll
 0002:0000001c       __imp__WideCharToMultiByte@32 2302d01c     kernel32:KERNEL32.dll
 0002:00000020       __imp__GetVersionExA@4     2302d020     kernel32:KERNEL32.dll
 0002:00000024       __imp__CloseHandle@4       2302d024     kernel32:KERNEL32.dll
 0002:00000028       __imp__UnmapViewOfFile@4   2302d028     kernel32:KERNEL32.dll
 0002:0000002c       __imp__LockResource@4      2302d02c     kernel32:KERNEL32.dll
 0002:00000030       __imp__LoadResource@8      2302d030     kernel32:KERNEL32.dll
 0002:00000034       __imp__SizeofResource@8    2302d034     kernel32:KERNEL32.dll
 0002:00000038       __imp__FindResourceA@12    2302d038     kernel32:KERNEL32.dll
 0002:0000003c       __imp__FindResourceW@12    2302d03c     kernel32:KERNEL32.dll
 0002:00000040       __imp__OutputDebugStringW@4 2302d040     kernel32:KERNEL32.dll
 0002:00000044       __imp__OutputDebugStringA@4 2302d044     kernel32:KERNEL32.dll
 0002:00000048       __imp__GetFileSize@8       2302d048     kernel32:KERNEL32.dll
 0002:0000004c       \177KERNEL32_NULL_THUNK_DATA 2302d04c     kernel32:KERNEL32.dll
 0002:00000050       __imp__isdigit             2302d050     msvcrt:MSVCRT.dll
[...]
 0003:00002a08       ?_deb_clip_y@@3MA          23039a08     main.obj
 0003:00002a1c       ?_deb_rend@@3KC            23039a1c     vidif.obj
 0003:00002a20       ?_deb_val@@3KC             23039a20     vidif.obj
 0003:00002a24       ?_deb_width@@3MA           23039a24     vidif.obj
 0003:00002a28       ?_deb_height@@3MA          23039a28     vidif.obj
 0003:00002a40       __adjust_fdiv              23039a40     <common>
 0003:00002a44       __pRawDllMain              23039a44     <common>
 0003:00002a48       ___onexitend               23039a48     <common>
 0003:00002a4c       ___onexitbegin             23039a4c     <common>

 entry point at        0001:00007857

 Static symbols

 0001:00006c54       ?tex_d3d_format@@YAKK@Z    23007c54 f   tex.obj
 0001:000011f0       _$E4                       230021f0 f   main.obj
 0001:000011ff       _$E1                       230021ff f   main.obj
 0001:0000120e       _$E3                       2300220e f   main.obj
 0001:00001220       _$E2                       23002220 f   main.obj
 0001:00025f38       ?huft_build@D3DX@@YAHPAIIIPBI1PAPAUinflate_huft_s@1@0PAU21@00@Z 23026f38 f   d3dx8:inftrees.obj
 0001:00023a39       ?select_ncolors@D3DX@@YAHPAUjpeg_decompress_struct@1@QAH@Z 23024a39 f   d3dx8:jquant1.obj
 0001:00023b04       ?output_value@D3DX@@YAHPAUjpeg_decompress_struct@1@HHH@Z 23024b04 f   d3dx8:jquant1.obj
 0001:00023b1d       ?largest_input_value@D3DX@@YAHPAUjpeg_decompress_struct@1@HHH@Z 23024b1d f   d3dx8:jquant1.obj
 0001:00023b30       ?create_colormap@D3DX@@YAXPAUjpeg_decompress_struct@1@@Z 23024b30 f   d3dx8:jquant1.obj
 0001:00023c4d       ?create_colorindex@D3DX@@YAXPAUjpeg_decompress_struct@1@@Z 23024c4d f   d3dx8:jquant1.obj
 0001:00023d6e       ?make_odither_array@D3DX@@YAPAY0BA@HPAUjpeg_decompress_struct@1@H@Z 23024d6e f   d3dx8:jquant1.obj
 0001:00023dd0       ?create_odither_tables@D3DX@@YAXPAUjpeg_decompress_struct@1@@Z 23024dd0 f   d3dx8:jquant1.obj
 0001:00023e29       ?color_quantize@D3DX@@YAXPAUjpeg_decompress_struct@1@PAPAE1H@Z 23024e29 f   d3dx8:jquant1.obj
 0001:00023eb1       ?color_quantize3@D3DX@@YAXPAUjpeg_decompress_struct@1@PAPAE1H@Z 23024eb1 f   d3dx8:jquant1.obj
 0001:00023f3e       ?quantize_ord_dither@D3DX@@YAXPAUjpeg_decompress_struct@1@PAPAE1H@Z 23024f3e f   d3dx8:jquant1.obj
 0001:00024029       ?quantize3_ord_dither@D3DX@@YAXPAUjpeg_decompress_struct@1@PAPAE1H@Z 23025029 f   d3dx8:jquant1.obj
 0001:00024128       ?quantize_fs_dither@D3DX@@YAXPAUjpeg_decompress_struct@1@PAPAE1H@Z 23025128 f   d3dx8:jquant1.obj
 0001:000242ac       ?alloc_fs_workspace@D3DX@@YAXPAUjpeg_decompress_struct@1@@Z 230252ac f   d3dx8:jquant1.obj
 0001:000242e2       ?start_pass_1_quant@D3DX@@YAXPAUjpeg_decompress_struct@1@E@Z 230252e2 f   d3dx8:jquant1.obj
 0001:000243aa       ?finish_pass_1_quant@D3DX@@YAXPAUjpeg_decompress_struct@1@@Z 230253aa f   d3dx8:jquant1.obj
 0001:000243ab       ?new_color_map_1_quant@D3DX@@YAXPAUjpeg_decompress_struct@1@@Z 230253ab f   d3dx8:jquant1.obj
 0001:00022a12       ?prescan_quantize@D3DX@@YAXPAUjpeg_decompress_struct@1@PAPAE1H@Z 23023a12 f   d3dx8:jquant2.obj
 0001:00022a7e       ?find_biggest_color_pop@D3DX@@YAPAUbox@1@PAU21@H@Z 23023a7e f   d3dx8:jquant2.obj
 0001:00022aa7       ?find_biggest_volume@D3DX@@YAPAUbox@1@PAU21@H@Z 23023aa7 f   d3dx8:jquant2.obj
 0001:00022aca       ?update_box@D3DX@@YAXPAUjpeg_decompress_struct@1@PAUbox@1@@Z 23023aca f   d3dx8:jquant2.obj
 0001:00022e02       ?median_cut@D3DX@@YAHPAUjpeg_decompress_struct@1@PAUbox@1@HH@Z 23023e02 f   d3dx8:jquant2.obj
 0001:00022f1c       ?compute_color@D3DX@@YAXPAUjpeg_decompress_struct@1@PAUbox@1@H@Z 23023f1c f   d3dx8:jquant2.obj
 0001:00023054       ?select_colors@D3DX@@YAXPAUjpeg_decompress_struct@1@H@Z 23024054 f   d3dx8:jquant2.obj
 0001:000230e1       ?find_nearby_colors@D3DX@@YAHPAUjpeg_decompress_struct@1@HHHQAE@Z 230240e1 f   d3dx8:jquant2.obj
 0001:00023261       ?find_best_colors@D3DX@@YAXPAUjpeg_decompress_struct@1@HHHHQAE1@Z 23024261 f   d3dx8:jquant2.obj
 0001:0002337b       ?fill_inverse_cmap@D3DX@@YAXPAUjpeg_decompress_struct@1@HHH@Z 2302437b f   d3dx8:jquant2.obj
 0001:0002344b       ?pass2_no_dither@D3DX@@YAXPAUjpeg_decompress_struct@1@PAPAE1H@Z 2302444b f   d3dx8:jquant2.obj
 0001:000234f4       ?pass2_fs_dither@D3DX@@YAXPAUjpeg_decompress_struct@1@PAPAE1H@Z 230244f4 f   d3dx8:jquant2.obj
 0001:00023762       ?init_error_limit@D3DX@@YAXPAUjpeg_decompress_struct@1@@Z 23024762 f   d3dx8:jquant2.obj
 0001:000237f2       ?finish_pass1@D3DX@@YAXPAUjpeg_decompress_struct@1@@Z 230247f2 f   d3dx8:jquant2.obj
 0001:00023814       ?finish_pass2@D3DX@@YAXPAUjpeg_decompress_struct@1@@Z 23024814 f   d3dx8:jquant2.obj
 0001:00023815       ?start_pass_2_quant@D3DX@@YAXPAUjpeg_decompress_struct@1@E@Z 23024815 f   d3dx8:jquant2.obj
 0001:00023917       ?new_color_map_2_quant@D3DX@@YAXPAUjpeg_decompress_struct@1@@Z 23024917 f   d3dx8:jquant2.obj
 0001:000224c5       ?build_ycc_rgb_table@D3DX@@YAXPAUjpeg_decompress_struct@1@@Z 230234c5 f   d3dx8:jdmerge.obj
 0001:00022575       ?start_pass_merged_upsample@D3DX@@YAXPAUjpeg_decompress_struct@1@@Z 23023575 f   d3dx8:jdmerge.obj
 0001:0002258a       ?merged_2v_upsample@D3DX@@YAXPAUjpeg_decompress_struct@1@PAPAPAEPAIIPAPAE2I@Z 2302358a f   d3dx8:jdmerge.obj
 0001:00022630       ?merged_1v_upsample@D3DX@@YAXPAUjpeg_decompress_struct@1@PAPAPAEPAIIPAPAE2I@Z 23023630 f   d3dx8:jdmerge.obj
 0001:00022661       ?h2v1_merged_upsample@D3DX@@YAXPAUjpeg_decompress_struct@1@PAPAPAEIPAPAE@Z 23023661 f   d3dx8:jdmerge.obj
 0001:000227b7       ?h2v2_merged_upsample@D3DX@@YAXPAUjpeg_decompress_struct@1@PAPAPAEIPAPAE@Z 230237b7 f   d3dx8:jdmerge.obj
 0001:00021b63       ?build_ycc_rgb_table@D3DX@@YAXPAUjpeg_decompress_struct@1@@Z 23022b63 f   d3dx8:jdcolor.obj
 0001:00021c13       ?null_convert@D3DX@@YAXPAUjpeg_decompress_struct@1@PAPAPAEIPAPAEH@Z 23022c13 f   d3dx8:jdcolor.obj
 0001:00021c7d       ?grayscale_convert@D3DX@@YAXPAUjpeg_decompress_struct@1@PAPAPAEIPAPAEH@Z 23022c7d f   d3dx8:jdcolor.obj
 0001:00021ca0       ?ycck_cmyk_convert@D3DX@@YAXPAUjpeg_decompress_struct@1@PAPAPAEIPAPAEH@Z 23022ca0 f   d3dx8:jdcolor.obj
 0001:00021dd2       ?start_pass_dcolor@D3DX@@YAXPAUjpeg_decompress_struct@1@@Z 23022dd2 f   d3dx8:jdcolor.obj
 0001:00022186       ?ycc_rgb_convert@D3DX@@YAXPAUjpeg_decompress_struct@1@PAPAPAEIPAPAEH@Z 23023186 f   d3dx8:jdcolor.obj
 0001:00021565       ?start_pass_upsample@D3DX@@YAXPAUjpeg_decompress_struct@1@@Z 23022565 f   d3dx8:jdsample.obj
 0001:0002157f       ?sep_upsample@D3DX@@YAXPAUjpeg_decompress_struct@1@PAPAPAEPAIIPAPAE2I@Z 2302257f f   d3dx8:jdsample.obj
 0001:00021645       ?fullsize_upsample@D3DX@@YAXPAUjpeg_decompress_struct@1@PAUjpeg_component_info@1@PAPAEPAPAPAE@Z 23022645 f   d3dx8:jdsample.obj
 0001:00021650       ?noop_upsample@D3DX@@YAXPAUjpeg_decompress_struct@1@PAUjpeg_component_info@1@PAPAEPAPAPAE@Z 23022650 f   d3dx8:jdsample.obj
 0001:00021658       ?int_upsample@D3DX@@YAXPAUjpeg_decompress_struct@1@PAUjpeg_component_info@1@PAPAEPAPAPAE@Z 23022658 f   d3dx8:jdsample.obj
 0001:00021737       ?h2v1_upsample@D3DX@@YAXPAUjpeg_decompress_struct@1@PAUjpeg_component_info@1@PAPAEPAPAPAE@Z 23022737 f   d3dx8:jdsample.obj
 0001:0002178e       ?h2v2_upsample@D3DX@@YAXPAUjpeg_decompress_struct@1@PAUjpeg_component_info@1@PAPAEPAPAPAE@Z 2302278e f   d3dx8:jdsample.obj
 0001:000217f8       ?h2v1_fancy_upsample@D3DX@@YAXPAUjpeg_decompress_struct@1@PAUjpeg_component_info@1@PAPAEPAPAPAE@Z 230227f8 f   d3dx8:jdsample.obj
 0001:0002189b       ?h2v2_fancy_upsample@D3DX@@YAXPAUjpeg_decompress_struct@1@PAUjpeg_component_info@1@PAPAEPAPAPAE@Z 2302289b f   d3dx8:jdsample.obj
 0001:000212bb       ?post_process_1pass@D3DX@@YAXPAUjpeg_decompress_struct@1@PAPAPAEPAIIPAPAE2I@Z 230222bb f   d3dx8:jdpostct.obj
 0001:00021320       ?post_process_prepass@D3DX@@YAXPAUjpeg_decompress_struct@1@PAPAPAEPAIIPAPAE2I@Z 23022320 f   d3dx8:jdpostct.obj
 0001:000213b0       ?post_process_2pass@D3DX@@YAXPAUjpeg_decompress_struct@1@PAPAPAEPAIIPAPAE2I@Z 230223b0 f   d3dx8:jdpostct.obj
 0001:0002143c       ?start_pass_dpost@D3DX@@YAXPAUjpeg_decompress_struct@1@W4J_BUF_MODE@1@@Z 2302243c f   d3dx8:jdpostct.obj
 0001:00021090       ?start_pass@D3DX@@YAXPAUjpeg_decompress_struct@1@@Z 23022090 f   d3dx8:jddctmgr.obj
 0001:000204b7       ?process_restart@D3DX@@YAEPAUjpeg_decompress_struct@1@@Z 230214b7 f   d3dx8:jdphuff.obj
 0001:00020512       ?decode_mcu_DC_first@D3DX@@YAEPAUjpeg_decompress_struct@1@PAPAY0EA@F@Z 23021512 f   d3dx8:jdphuff.obj
 0001:0002070f       ?decode_mcu_AC_first@D3DX@@YAEPAUjpeg_decompress_struct@1@PAPAY0EA@F@Z 2302170f f   d3dx8:jdphuff.obj
 0001:0002093c       ?decode_mcu_DC_refine@D3DX@@YAEPAUjpeg_decompress_struct@1@PAPAY0EA@F@Z 2302193c f   d3dx8:jdphuff.obj
 0001:00020a1e       ?decode_mcu_AC_refine@D3DX@@YAEPAUjpeg_decompress_struct@1@PAPAY0EA@F@Z 23021a1e f   d3dx8:jdphuff.obj
 0001:00020d8c       ?start_pass_phuff_decoder@D3DX@@YAXPAUjpeg_decompress_struct@1@@Z 23021d8c f   d3dx8:jdphuff.obj
 0001:0001ff23       ?process_restart@D3DX@@YAEPAUjpeg_decompress_struct@1@@Z 23020f23 f   d3dx8:jdhuff.obj
 0001:0001ff81       ?decode_mcu@D3DX@@YAEPAUjpeg_decompress_struct@1@PAPAY0EA@F@Z 23020f81 f   d3dx8:jdhuff.obj
 0001:0002034e       ?start_pass_huff_decoder@D3DX@@YAXPAUjpeg_decompress_struct@1@@Z 2302134e f   d3dx8:jdhuff.obj
 0001:0001ef51       ?start_iMCU_row@D3DX@@YAXPAUjpeg_decompress_struct@1@@Z 2301ff51 f   d3dx8:jdcoefct.obj
 0001:0001ef90       ?start_input_pass@D3DX@@YAXPAUjpeg_decompress_struct@1@@Z 2301ff90 f   d3dx8:jdcoefct.obj
 0001:0001efa0       ?decompress_onepass@D3DX@@YAHPAUjpeg_decompress_struct@1@PAPAPAE@Z 2301ffa0 f   d3dx8:jdcoefct.obj
 0001:0001f17a       ?dummy_consume_data@D3DX@@YAHPAUjpeg_decompress_struct@1@@Z 2302017a f   d3dx8:jdcoefct.obj
 0001:0001f17d       ?consume_data@D3DX@@YAHPAUjpeg_decompress_struct@1@@Z 2302017d f   d3dx8:jdcoefct.obj
 0001:0001f31c       ?decompress_data@D3DX@@YAHPAUjpeg_decompress_struct@1@PAPAPAE@Z 2302031c f   d3dx8:jdcoefct.obj
 0001:0001f482       ?smoothing_ok@D3DX@@YAEPAUjpeg_decompress_struct@1@@Z 23020482 f   d3dx8:jdcoefct.obj
 0001:0001f565       ?decompress_smooth_data@D3DX@@YAHPAUjpeg_decompress_struct@1@PAPAPAE@Z 23020565 f   d3dx8:jdcoefct.obj
 0001:0001fa7d       ?start_output_pass@D3DX@@YAXPAUjpeg_decompress_struct@1@@Z 23020a7d f   d3dx8:jdcoefct.obj
 0001:0001e940       ?alloc_funny_pointers@D3DX@@YAXPAUjpeg_decompress_struct@1@@Z 2301f940 f   d3dx8:jdmainct.obj
 0001:0001e9e8       ?make_funny_pointers@D3DX@@YAXPAUjpeg_decompress_struct@1@@Z 2301f9e8 f   d3dx8:jdmainct.obj
 0001:0001eb19       ?set_wraparound_pointers@D3DX@@YAXPAUjpeg_decompress_struct@1@@Z 2301fb19 f   d3dx8:jdmainct.obj
 0001:0001ebed       ?set_bottom_pointers@D3DX@@YAXPAUjpeg_decompress_struct@1@@Z 2301fbed f   d3dx8:jdmainct.obj
 0001:0001ec83       ?process_data_simple_main@D3DX@@YAXPAUjpeg_decompress_struct@1@PAPAEPAII@Z 2301fc83 f   d3dx8:jdmainct.obj
 0001:0001eceb       ?process_data_context_main@D3DX@@YAXPAUjpeg_decompress_struct@1@PAPAEPAII@Z 2301fceb f   d3dx8:jdmainct.obj
 0001:0001edf3       ?process_data_crank_post@D3DX@@YAXPAUjpeg_decompress_struct@1@PAPAEPAII@Z 2301fdf3 f   d3dx8:jdmainct.obj
 0001:0001ee16       ?start_pass_main@D3DX@@YAXPAUjpeg_decompress_struct@1@W4J_BUF_MODE@1@@Z 2301fe16 f   d3dx8:jdmainct.obj
 0001:0001c77b       ?use_merged_upsample@D3DX@@YAEPAUjpeg_decompress_struct@1@@Z 2301d77b f   d3dx8:jdmaster.obj
 0001:0001c9db       ?prepare_range_limit_table@D3DX@@YAXPAUjpeg_decompress_struct@1@@Z 2301d9db f   d3dx8:jdmaster.obj
 0001:0001ca4a       ?master_selection@D3DX@@YAXPAUjpeg_decompress_struct@1@@Z 2301da4a f   d3dx8:jdmaster.obj
 0001:0001cbf7       ?prepare_for_output_pass@D3DX@@YAXPAUjpeg_decompress_struct@1@@Z 2301dbf7 f   d3dx8:jdmaster.obj
 0001:0001cd24       ?finish_output_pass@D3DX@@YAXPAUjpeg_decompress_struct@1@@Z 2301dd24 f   d3dx8:jdmaster.obj
 0001:0001bcdd       ?out_of_memory@D3DX@@YAXPAUjpeg_common_struct@1@H@Z 2301ccdd f   d3dx8:jmemmgr.obj
 0001:0001bcf2       ?alloc_small@D3DX@@YAPAXPAUjpeg_common_struct@1@HI@Z 2301ccf2 f   d3dx8:jmemmgr.obj
 0001:0001bdee       ?alloc_large@D3DX@@YAPAXPAUjpeg_common_struct@1@HI@Z 2301cdee f   d3dx8:jmemmgr.obj
 0001:0001be7c       ?alloc_sarray@D3DX@@YAPAPAEPAUjpeg_common_struct@1@HII@Z 2301ce7c f   d3dx8:jmemmgr.obj
 0001:0001bf0e       ?alloc_barray@D3DX@@YAPAPAY0EA@FPAUjpeg_common_struct@1@HII@Z 2301cf0e f   d3dx8:jmemmgr.obj
 0001:0001bfac       ?request_virt_sarray@D3DX@@YAPAUjvirt_sarray_control@1@PAUjpeg_common_struct@1@HEIII@Z 2301cfac f   d3dx8:jmemmgr.obj
 0001:0001c00d       ?request_virt_barray@D3DX@@YAPAUjvirt_barray_control@1@PAUjpeg_common_struct@1@HEIII@Z 2301d00d f   d3dx8:jmemmgr.obj
 0001:0001c06e       ?realize_virt_arrays@D3DX@@YAXPAUjpeg_common_struct@1@@Z 2301d06e f   d3dx8:jmemmgr.obj
 0001:0001c1ed       ?do_sarray_io@D3DX@@YAXPAUjpeg_common_struct@1@PAUjvirt_sarray_control@1@E@Z 2301d1ed f   d3dx8:jmemmgr.obj
 0001:0001c275       ?do_barray_io@D3DX@@YAXPAUjpeg_common_struct@1@PAUjvirt_barray_control@1@E@Z 2301d275 f   d3dx8:jmemmgr.obj
 0001:0001c300       ?access_virt_sarray@D3DX@@YAPAPAEPAUjpeg_common_struct@1@PAUjvirt_sarray_control@1@IIE@Z 2301d300 f   d3dx8:jmemmgr.obj
 0001:0001c41e       ?access_virt_barray@D3DX@@YAPAPAY0EA@FPAUjpeg_common_struct@1@PAUjvirt_barray_control@1@IIE@Z 2301d41e f   d3dx8:jmemmgr.obj
 0001:0001c541       ?free_pool@D3DX@@YAXPAUjpeg_common_struct@1@H@Z 2301d541 f   d3dx8:jmemmgr.obj
 0001:0001c622       ?self_destruct@D3DX@@YAXPAUjpeg_common_struct@1@@Z 2301d622 f   d3dx8:jmemmgr.obj
 0001:0001b7c4       ?initial_setup@D3DX@@YAXPAUjpeg_decompress_struct@1@@Z 2301c7c4 f   d3dx8:jdinput.obj
 0001:0001b97f       ?per_scan_setup@D3DX@@YAXPAUjpeg_decompress_struct@1@@Z 2301c97f f   d3dx8:jdinput.obj
 0001:0001baf5       ?latch_quant_tables@D3DX@@YAXPAUjpeg_decompress_struct@1@@Z 2301caf5 f   d3dx8:jdinput.obj
 0001:0001bb87       ?start_input_pass@D3DX@@YAXPAUjpeg_decompress_struct@1@@Z 2301cb87 f   d3dx8:jdinput.obj
 0001:0001bbc1       ?consume_markers@D3DX@@YAHPAUjpeg_decompress_struct@1@@Z 2301cbc1 f   d3dx8:jdinput.obj
 0001:0001bc54       ?reset_input_controller@D3DX@@YAXPAUjpeg_decompress_struct@1@@Z 2301cc54 f   d3dx8:jdinput.obj
 0001:0001bc8b       ?finish_input_pass@D3DX@@YAXPAUjpeg_decompress_struct@1@@Z 2301cc8b f   d3dx8:jdinput.obj
 0001:0001aa97       ?ColorToFcolor@@YAXPAUS3TC_COLOR@@PAUFCOLOR@@@Z 2301ba97 f   d3dx8:s3tc.obj
 0001:0001aac9       ?FcolorToColor@@YAXPAUFCOLOR@@PAUS3TC_COLOR@@@Z 2301bac9 f   d3dx8:s3tc.obj
 0001:0001aafe       ?ColorToRGB@@YAXPAUS3TC_COLOR@@PAG@Z 2301bafe f   d3dx8:s3tc.obj
 0001:0001ab2e       ?RGBToColor@@YAXPAGPAUS3TC_COLOR@@@Z 2301bb2e f   d3dx8:s3tc.obj
 0001:0001ab7b       ?Square3x3@@YAXQAY02M0@Z   2301bb7b f   d3dx8:s3tc.obj
 0001:0001ac1a       ?Quantize@@YAXPAUFCOLOR@@0PAUS3TCBlockRGB@@H@Z 2301bc1a f   d3dx8:s3tc.obj
 0001:0001aca5       ?ClipExtrema@@YAXPAUFCOLOR@@0@Z 2301bca5 f   d3dx8:s3tc.obj
 0001:0001add7       ?AllSame@@YAXPAUS3TC_COLOR@@PAUS3TCBlockRGB@@G@Z 2301bdd7 f   d3dx8:s3tc.obj
 0001:00017a14       ?png_format_buffer@D3DX@@YAXPAUpng_struct_def@1@PADPBD@Z 23018a14 f   d3dx8:pngerror.obj
 0001:00017a9b       ?png_default_error@D3DX@@YAXPAUpng_struct_def@1@PBD@Z 23018a9b f   d3dx8:pngerror.obj
 0001:00017aa6       ?png_default_warning@D3DX@@YAXPAUpng_struct_def@1@PBD@Z 23018aa6 f   d3dx8:pngerror.obj
 0001:000178b7       ?error_exit@D3DX@@YAXPAUjpeg_common_struct@1@@Z 230188b7 f   d3dx8:jerror.obj
 0001:000178d2       ?output_message@D3DX@@YAXPAUjpeg_common_struct@1@@Z 230188d2 f   d3dx8:jerror.obj
 0001:000178ef       ?emit_message@D3DX@@YAXPAUjpeg_common_struct@1@H@Z 230188ef f   d3dx8:jerror.obj
 0001:00017920       ?format_message@D3DX@@YAXPAUjpeg_common_struct@1@PAD@Z 23018920 f   d3dx8:jerror.obj
 0001:000179b7       ?reset_error_mgr@D3DX@@YAXPAUjpeg_common_struct@1@@Z 230189b7 f   d3dx8:jerror.obj
 0001:00016168       ?get_soi@D3DX@@YAEPAUjpeg_decompress_struct@1@@Z 23017168 f   d3dx8:jdmarker.obj
 0001:000161f6       ?get_sof@D3DX@@YAEPAUjpeg_decompress_struct@1@EE@Z 230171f6 f   d3dx8:jdmarker.obj
 0001:000164f1       ?get_sos@D3DX@@YAEPAUjpeg_decompress_struct@1@@Z 230174f1 f   d3dx8:jdmarker.obj
 0001:000167da       ?get_app0@D3DX@@YAEPAUjpeg_decompress_struct@1@@Z 230177da f   d3dx8:jdmarker.obj
 0001:00016a16       ?get_app14@D3DX@@YAEPAUjpeg_decompress_struct@1@@Z 23017a16 f   d3dx8:jdmarker.obj
 0001:00016b90       ?get_dac@D3DX@@YAEPAUjpeg_decompress_struct@1@@Z 23017b90 f   d3dx8:jdmarker.obj
 0001:00016ce7       ?get_dht@D3DX@@YAEPAUjpeg_decompress_struct@1@@Z 23017ce7 f   d3dx8:jdmarker.obj
 0001:00016f7b       ?get_dqt@D3DX@@YAEPAUjpeg_decompress_struct@1@@Z 23017f7b f   d3dx8:jdmarker.obj
 0001:000171c5       ?get_dri@D3DX@@YAEPAUjpeg_decompress_struct@1@@Z 230181c5 f   d3dx8:jdmarker.obj
 0001:000172a4       ?skip_variable@D3DX@@YAEPAUjpeg_decompress_struct@1@@Z 230182a4 f   d3dx8:jdmarker.obj
 0001:00017340       ?next_marker@D3DX@@YAEPAUjpeg_decompress_struct@1@@Z 23018340 f   d3dx8:jdmarker.obj
 0001:00017417       ?first_marker@D3DX@@YAEPAUjpeg_decompress_struct@1@@Z 23018417 f   d3dx8:jdmarker.obj
 0001:000174af       ?read_markers@D3DX@@YAHPAUjpeg_decompress_struct@1@@Z 230184af f   d3dx8:jdmarker.obj
 0001:000176a3       ?read_restart_marker@D3DX@@YAEPAUjpeg_decompress_struct@1@@Z 230186a3 f   d3dx8:jdmarker.obj
 0001:00017810       ?reset_marker_reader@D3DX@@YAXPAUjpeg_decompress_struct@1@@Z 23018810 f   d3dx8:jdmarker.obj
 0001:00015e09       ?output_pass_setup@D3DX@@YAEPAUjpeg_decompress_struct@1@@Z 23016e09 f   d3dx8:jdapistd.obj
 0001:00015a7c       ?default_decompress_parms@D3DX@@YAXPAUjpeg_decompress_struct@1@@Z 23016a7c f   d3dx8:jdapimin.obj
 0001:00011ef4       ?F2IBegin@@YAXXZ           23012ef4 f   d3dx8:cd3dxcodec.obj
 0001:00011f17       ?F2I@@YAHM@Z               23012f17 f   d3dx8:cd3dxcodec.obj
 0001:00011f26       ?F2IEnd@@YAXXZ             23012f26 f   d3dx8:cd3dxcodec.obj
 0001:00010543       ?d3dx_jpeg_error_exit@@YAXPAUjpeg_common_struct@D3DX@@@Z 23011543 f   d3dx8:cd3dximage.obj
 0001:0001055f       ?d3dx_jpeg_ignore_message@@YAXPAUjpeg_common_struct@D3DX@@@Z 2301155f f   d3dx8:cd3dximage.obj
 0001:00010560       ?d3dx_jpeg_output_message@@YAXPAUjpeg_common_struct@D3DX@@@Z 23011560 f   d3dx8:cd3dximage.obj
 0001:0001057d       ?d3dx_jpeg_init_source@@YAXPAUjpeg_decompress_struct@D3DX@@@Z 2301157d f   d3dx8:cd3dximage.obj
 0001:0001057e       ?d3dx_jpeg_fill_input_buffer@@YAEPAUjpeg_decompress_struct@D3DX@@@Z 2301157e f   d3dx8:cd3dximage.obj
 0001:00010593       ?d3dx_jpeg_skip_input_data@@YAXPAUjpeg_decompress_struct@D3DX@@J@Z 23011593 f   d3dx8:cd3dximage.obj
 0001:000105a4       ?d3dx_jpeg_term_source@@YAXPAUjpeg_decompress_struct@D3DX@@@Z 230115a4 f   d3dx8:cd3dximage.obj
 0001:00010ef4       ?d3dx_png_read_fn@@YAXPAUpng_struct_def@D3DX@@PAEI@Z 23011ef4 f   d3dx8:cd3dximage.obj
 0001:00010f37       ?d3dx_png_error_fn@@YAXPAUpng_struct_def@D3DX@@PBD@Z 23011f37 f   d3dx8:cd3dximage.obj
 0001:00010f42       ?d3dx_png_warning_fn@@YAXPAUpng_struct_def@D3DX@@PBD@Z 23011f42 f   d3dx8:cd3dximage.obj
 0001:0000cb0f       ?TF_SetupTriangle@@YAPAEIIH@Z 2300db0f f   d3dx8:cd3dxblt.obj
 0001:0000e6aa       ?F2IBegin@@YAXXZ           2300f6aa f   d3dx8:cd3dxblt.obj
 0001:0000e6cd       ?F2I@@YAHM@Z               2300f6cd f   d3dx8:cd3dxblt.obj
 0001:0000e6dc       ?F2IEnd@@YAXXZ             2300f6dc f   d3dx8:cd3dxblt.obj
 0001:0000f309       ?LF_SetupLinear@@YAPAEIIH@Z 23010309 f   d3dx8:cd3dxblt.obj
 0001:0000ac23       ?FI_Find@@YAPAUFormatInfo@@W4_D3DFORMAT@@@Z 2300bc23 f   d3dx8:d3dx8tex.obj
 0001:0000ac47       ?FI_Score@@YAKPAUFormatInfo@@0@Z 2300bc47 f   d3dx8:d3dx8tex.obj
 0001:0000acc7       ?CheckTextureRequirements@@YAJPAUIDirect3DDevice8@@PAI111KPAW4_D3DFORMAT@@W4_D3DPOOL@@I@Z 2300bcc7 f   d3dx8:d3dx8tex.obj
 0001:00007912       ?WithinEpsilon@@YAHMM@Z    23008912 f   d3dx8:d3dxmath.obj
 0001:0000793f       ?sincosf@@YAXMPAM0@Z       2300893f f   d3dx8:d3dxmath.obj
